Year, Month, DPM_t_C_ha, RPM_t_C_ha, BIO_t_C_ha, HUM_t_C_ha, IOM_t_C_ha, SOC_t_C_ha,     deltaC
1939,     1, 0.11879781, 5.64372734, 0.73823616, 27.6403509,  3.0041000, 37.1452122,   -93.5193 
1939,     2, 0.09098401, 5.59874546, 0.73449826, 27.6363445,  3.0041000, 37.0646723,   -93.7248 
1939,     3, 0.06936753, 5.55336806, 0.73011798, 27.6315127,  3.0041000, 36.9884662,   -93.9199 
1939,     4, 0.04492713, 5.48146987, 0.72232088, 27.6225881,  3.0041000, 36.8754059,   -94.2056 
1939,     5, 0.03640574, 5.44699363, 0.71824399, 27.6178745,  3.0041000, 36.8236179,   -94.3418 
1939,     6, 0.03086634, 5.42008782, 0.71495539, 27.6140337,  3.0041000, 36.7840433,   -94.4482 
1939,     7, 0.02527873, 5.38771269, 0.71090766, 27.6092447,  3.0041000, 36.7372438,   -94.5725 
1939,     8, 0.87426665, 5.84141052, 0.69223348, 27.5857393,  3.0041000, 37.9977500,   -92.3833 
1939,     9, 0.25938812, 5.63231471, 0.72487954, 27.6197305,  3.0041000, 37.2404129,   -93.9006 
1939,    10, 0.13103228, 5.51810245, 0.72136607, 27.6154106,  3.0041000, 36.9900114,   -94.4509 
1939,    11, 0.08394063, 5.44487078, 0.71557118, 27.6085502,  3.0041000, 36.8570328,   -94.7587 
1939,    12, 0.07302139, 5.42215482, 0.71338011, 27.6059750,  3.0041000, 36.8186313,   -94.8556 
1940,     1, 0.07104018, 5.41768227, 0.71293003, 27.6054469,  3.0041000, 36.8111994,   -94.8820 
1940,     2, 0.06332876, 5.39903871, 0.71101198, 27.6031750,  3.0041000, 36.7806544,   -94.9616 
1940,     3, 0.04702412, 5.35103796, 0.70579104, 27.5968557,  3.0041000, 36.7048088,   -95.1469 
1940,     4, 0.06372485, 5.30291078, 0.69739190, 27.5864185,  3.0041000, 36.6545460,   -95.2991 
1940,     5, 0.08194286, 5.28222387, 0.69267800, 27.5804345,  3.0041000, 36.6413792,   -95.3624 
1940,     6, 0.10068837, 5.27379414, 0.68963361, 27.5764904,  3.0041000, 36.6447065,   -95.3860 
1940,     7, 0.11731066, 5.26787519, 0.68715060, 27.5731969,  3.0041000, 36.6496334,   -95.4048 
1940,     8, 0.12992604, 5.26006134, 0.68479466, 27.5699869,  3.0041000, 36.6488690,   -95.4356 
1940,     9, 0.28028429, 5.35344394, 0.68321717, 27.5677851,  3.0041000, 36.8888305,   -95.0016 
1940,    10, 0.17571065, 5.27897055, 0.68301870, 27.5661593,  3.0041000, 36.7079592,   -95.4023 
1940,    11, 0.12754091, 5.22847194, 0.68062185, 27.5624641,  3.0041000, 36.6031988,   -95.6447 
1940,    12, 0.10828714, 5.20286554, 0.67888254, 27.5599860,  3.0041000, 36.5541212,   -95.7649 
1941,     1, 0.09616146, 5.18436210, 0.67745024, 27.5579815,  3.0041000, 36.5200553,   -95.8519 
1941,     2, 0.07203667, 5.13963059, 0.67354230, 27.5524957,  3.0041000, 36.4418053,   -96.0414 
1941,     3, 0.04950062, 5.08210478, 0.66774168, 27.5443581,  3.0041000, 36.3478051,   -96.2707 
1941,     4, 0.02958002, 5.00420682, 0.65895276, 27.5318812,  3.0041000, 36.2287208,   -96.5634 
1941,     5, 0.02338405, 4.96904449, 0.65467772, 27.5258307,  3.0041000, 36.1770370,   -96.6972 
1941,     6, 0.01933728, 4.94079865, 0.65115474, 27.5208144,  3.0041000, 36.1362050,   -96.8055 
1941,     7, 0.01528050, 4.90602119, 0.64674469, 27.5144675,  3.0041000, 36.0866139,   -96.9356 
1941,     8, 0.00617627, 4.77449117, 0.62997149, 27.4890350,  3.0041000, 35.9037740,   -97.3949 
1941,     9, 0.78747525, 5.27503805, 0.62424042, 27.4802993,  3.0041000, 37.1711530,   -94.9619 
1941,    10, 0.32114118, 5.13498724, 0.65133266, 27.5049725,  3.0041000, 36.6165335,   -96.1096 
1941,    11, 0.19069262, 5.05531830, 0.65305759, 27.5041957,  3.0041000, 36.4073642,   -96.5726 
1941,    12, 0.12662012, 4.99359793, 0.65073652, 27.4993967,  3.0041000, 36.2744512,   -96.8792 
1942,     1, 0.11319384, 4.97683419, 0.64968759, 27.4976317,  3.0041000, 36.2414473,   -96.9636 
1942,     2, 0.10194925, 4.96123742, 0.64859214, 27.4958408,  3.0041000, 36.2117196,   -97.0409 
1942,     3, 0.06877163, 4.90298731, 0.64376837, 27.4880658,  3.0041000, 36.1076931,   -97.2910 
1942,     4, 0.04569691, 4.84323001, 0.63778210, 27.4786912,  3.0041000, 36.0095002,   -97.5317 
1942,     5, 0.03483855, 4.80397006, 0.63341576, 27.4719463,  3.0041000, 35.9482707,   -97.6871 
1942,     6, 0.02903547, 4.77778229, 0.63035847, 27.4672364,  3.0041000, 35.9085126,   -97.7919 
1942,     7, 0.02372445, 4.74891472, 0.62689298, 27.4618736,  3.0041000, 35.8655058,   -97.9052 
1942,     8, 0.69052040, 5.18432851, 0.62309805, 27.4559655,  3.0041000, 36.9580125,   -95.7761 
1942,     9, 0.52021174, 5.14046756, 0.63352957, 27.4662094,  3.0041000, 36.7645183,   -96.1804 
1942,    10, 0.19529458, 4.99157871, 0.64551707, 27.4730835,  3.0041000, 36.3095738,   -97.1585 
1942,    11, 0.13286888, 4.93423598, 0.64362377, 27.4687265,  3.0041000, 36.1835551,   -97.4489 
1942,    12, 0.07739392, 4.85487914, 0.63810520, 27.4590488,  3.0041000, 36.0335270,   -97.8014 
1943,     1, 0.05245176, 4.79854997, 0.63274923, 27.4503935,  3.0041000, 35.9382445,   -98.0332 
1943,     2, 0.03357086, 4.73473952, 0.62581822, 27.4393267,  3.0041000, 35.8375553,   -98.2813 
1943,     3, 0.02047683, 4.66503709, 0.61756737, 27.4261079,  3.0041000, 35.7332892,   -98.5413 
1943,     4, 0.00879104, 4.54818825, 0.60302471, 27.4020446,  3.0041000, 35.5661486,   -98.9583 
1943,     5, 0.00763116, 4.52892299, 0.60049607, 27.3979029,  3.0041000, 35.5390531,   -99.0343 
1943,     6, 0.00638960, 4.50486132, 0.59732695, 27.3926675,  3.0041000, 35.5053454,   -99.1267 
1943,     7, 0.00515940, 4.47605262, 0.59351995, 27.3863125,  3.0041000, 35.4651445,   -99.2355 
1943,     8, 0.00415851, 4.44718666, 0.58969101, 27.3798548,  3.0041000, 35.4249910,   -99.3444 
1943,     9, 0.67729252, 4.87836650, 0.58478239, 27.3714560,  3.0041000, 36.5159974,   -97.1511 
1943,    10, 0.25832249, 4.73931967, 0.60763826, 27.3878832,  3.0041000, 35.9972636,   -98.2664 
1943,    11, 0.16505843, 4.67606207, 0.60803712, 27.3846062,  3.0041000, 35.8378638,   -98.6319 
1943,    12, 0.12731393, 4.63978028, 0.60668302, 27.3809273,  3.0041000, 35.7588045,   -98.8215 
1944,     1, 0.09613012, 4.60083779, 0.60433887, 27.3758787,  3.0041000, 35.6812855,   -99.0099 
1944,     2, 0.08204932, 4.57902891, 0.60268468, 27.3726438,  3.0041000, 35.6405067,   -99.1145 
1944,     3, 0.06469619, 4.54650317, 0.59988727, 27.3673636,  3.0041000, 35.5825502,   -99.2602 
1944,     4, 0.03721138, 4.47168714, 0.59241366, 27.3535768,  3.0041000, 35.4589890,   -99.5646 
1944,     5, 0.01954527, 4.38613893, 0.58261542, 27.3358068,  3.0041000, 35.3282064,   -99.8916 
1944,     6, 0.01657407, 4.36449515, 0.57994591, 27.3310624,  3.0041000, 35.2961776,   -99.9794 
1944,     7, 0.01331524, 4.33592349, 0.57637217, 27.3246691,  3.0041000, 35.2543800,  -100.0916 
1944,     8, 0.81406511, 4.86382549, 0.57255351, 27.3177906,  3.0041000, 36.5723347,   -97.4085 
1944,     9, 0.43905067, 4.77456323, 0.59712284, 27.3397590,  3.0041000, 36.1545957,   -98.2922 
1944,    10, 0.19191461, 4.65748485, 0.60555853, 27.3417080,  3.0041000, 35.8007660,   -99.0759 
1944,    11, 0.14212575, 4.61570870, 0.60458913, 27.3381039,  3.0041000, 35.7046275,   -99.3026 
1944,    12, 0.12157809, 4.59413623, 0.60356772, 27.3356453,  3.0041000, 35.6590274,   -99.4163 
1945,     1, 0.11381827, 4.58505520, 0.60304684, 27.3345058,  3.0041000, 35.6405261,   -99.4682 
1945,     2, 0.07953327, 4.53601701, 0.59960404, 27.3274267,  3.0041000, 35.5466810,   -99.6952 
1945,     3, 0.05322398, 4.48168606, 0.59468788, 27.3181261,  3.0041000, 35.4518240,   -99.9279 
1945,     4, 0.08561047, 4.49359966, 0.59322114, 27.3154747,  3.0041000, 35.4920059,   -99.9036 
1945,     5, 0.11143566, 4.49961617, 0.59157568, 27.3122074,  3.0041000, 35.5189349,   -99.9068 
1945,     6, 0.13080433, 4.50154824, 0.58999468, 27.3087176,  3.0041000, 35.5351649,   -99.9306 
1945,     7, 0.14254982, 4.49791770, 0.58839237, 27.3047898,  3.0041000, 35.5377497,   -99.9810 
1945,     8, 0.15445298, 4.49720897, 0.58717546, 27.3014968,  3.0041000, 35.5444342,  -100.0204 
1945,     9, 0.30289020, 4.58764214, 0.58549837, 27.2966375,  3.0041000, 35.7767682,   -99.7628 
1945,    10, 0.15523700, 4.49656456, 0.58759247, 27.2922917,  3.0041000, 35.5357857,  -100.2344 
1945,    11, 0.10936046, 4.44955712, 0.58558537, 27.2865859,  3.0041000, 35.4351888,  -100.4502 
1945,    12, 0.08767353, 4.42015024, 0.58362831, 27.2821842,  3.0041000, 35.3777363,  -100.5814 
1946,     1, 0.06774955, 4.38609637, 0.58087481, 27.2764475,  3.0041000, 35.3152682,  -100.7263 
1946,     2, 0.04172555, 4.32277906, 0.57479466, 27.2643496,  3.0041000, 35.2077489,  -100.9765 
1946,     3, 0.02843181, 4.27331700, 0.56935240, 27.2539205,  3.0041000, 35.1291217,  -101.1671 
1946,     4, 0.01248053, 4.16905827, 0.55701206, 27.2299428,  3.0041000, 34.9725937,  -101.5478 
1946,     5, 0.01068278, 4.14965033, 0.55454377, 27.2252541,  3.0041000, 34.9442310,  -101.6256 
1946,     6, 0.00681605, 4.09408606, 0.54745402, 27.2114979,  3.0041000, 34.8639540,  -101.8301 
1946,     7, 0.00548483, 4.06748420, 0.54398911, 27.2047581,  3.0041000, 34.8258162,  -101.9329 
1946,     8, 0.00214519, 3.95453060, 0.52952110, 27.1751098,  3.0041000, 34.6654067,  -102.3393 
1946,     9, 0.68283780, 4.32681377, 0.51643121, 27.1472673,  3.0041000, 35.6774501,  -101.0006 
1946,    10, 0.29644629, 4.21985043, 0.54033023, 27.1625407,  3.0041000, 35.2232677,  -101.7993 
1946,    11, 0.14975255, 4.13428016, 0.54321396, 27.1568071,  3.0041000, 34.9881538,  -102.2634 
1946,    12, 0.12119808, 4.10812405, 0.54239623, 27.1532011,  3.0041000, 34.9290195,  -102.3940 
1947,     1, 0.10260726, 4.08765298, 0.54138830, 27.1499359,  3.0041000, 34.8856844,  -102.4941 
1947,     2, 0.09831261, 4.08241315, 0.54108131, 27.1490448,  3.0041000, 34.8749519,  -102.5262 
1947,     3, 0.07272603, 4.04565992, 0.53856026, 27.1422346,  3.0041000, 34.8032808,  -102.6900 
1947,     4, 0.04677024, 3.99243419, 0.53389567, 27.1309599,  3.0041000, 34.7081600,  -102.9112 
1947,     5, 0.03973316, 3.97295155, 0.53192179, 27.1265051,  3.0041000, 34.6752116,  -102.9956 
1947,     6, 0.03255773, 3.94928342, 0.52940050, 27.1208965,  3.0041000, 34.6362381,  -103.0947 
1947,     7, 0.02578939, 3.92176809, 0.52632874, 27.1141382,  3.0041000, 34.5921244,  -103.2069 
1947,     8, 0.64649968, 4.32755137, 0.52293236, 27.1067190,  3.0041000, 35.6078025,  -101.7342 
1947,     9, 0.46949857, 4.28621755, 0.53446369, 27.1157435,  3.0041000, 35.4100234,  -102.0791 
1947,    10, 0.39175009, 4.26300121, 0.53878204, 27.1184487,  3.0041000, 35.3160821,  -102.2532 
1947,    11, 0.21828966, 4.18886320, 0.54567516, 27.1187882,  3.0041000, 35.0757162,  -102.7052 
1947,    12, 0.14471323, 4.13752308, 0.54580495, 27.1137998,  3.0041000, 34.9459411,  -102.9693 
1948,     1, 0.09169116, 4.08126699, 0.54329031, 27.1051231,  3.0041000, 34.8254716,  -103.2270 
1948,     2, 0.06415071, 4.03776674, 0.54001709, 27.0967836,  3.0041000, 34.7428181,  -103.4137 
1948,     3, 0.03220455, 3.95514765, 0.53202424, 27.0782671,  3.0041000, 34.6017435,  -103.7377 
1948,     4, 0.01681092, 3.87876013, 0.52327728, 27.0590455,  3.0041000, 34.4819938,  -104.0241 
1948,     5, 0.00903915, 3.80722906, 0.51447134, 27.0397977,  3.0041000, 34.3746373,  -104.2875 
1948,     6, 0.00410311, 3.71807858, 0.50317433, 27.0145326,  3.0041000, 34.2439886,  -104.6114 
1948,     7, 0.00335855, 3.69581083, 0.50025059, 27.0080388,  3.0041000, 34.2115588,  -104.6995 
1948,     8, 0.00129536, 3.59167405, 0.48689319, 26.9767343,  3.0041000, 34.0606969,  -105.0784 
1948,     9, 0.87628239, 4.10641292, 0.47485296, 26.9474423,  3.0041000, 35.4090905,  -103.1001 
1948,    10, 0.36752371, 4.00075407, 0.51101104, 26.9741683,  3.0041000, 34.8575571,  -104.0590 
1948,    11, 0.21288906, 3.93575354, 0.51725307, 26.9732884,  3.0041000, 34.6432840,  -104.4709 
1948,    12, 0.13648380, 3.88361105, 0.51754809, 26.9672201,  3.0041000, 34.5089630,  -104.7473 
1949,     1, 0.10654890, 3.85487025, 0.51648232, 26.9624658,  3.0041000, 34.4444673,  -104.8897 
1949,     2, 0.08225380, 3.82505755, 0.51472995, 26.9567249,  3.0041000, 34.3828662,  -105.0291 
1949,     3, 0.06591251, 3.79972644, 0.51282280, 26.9513164,  3.0041000, 34.3338781,  -105.1440 
1949,     4, 0.03831777, 3.73839598, 0.50719026, 26.9366529,  3.0041000, 34.2246569,  -105.3954 
1949,     5, 0.02607771, 3.69548444, 0.50253844, 26.9253999,  3.0041000, 34.1536005,  -105.5664 
1949,     6, 0.02165886, 3.67495787, 0.50015732, 26.9197932,  3.0041000, 34.1206672,  -105.6517 
1949,     7, 0.01715626, 3.64935381, 0.49710235, 26.9126244,  3.0041000, 34.0803368,  -105.7548 
1949,     8, 1.17878925, 4.43380721, 0.49408368, 26.9055607,  3.0041000, 36.0163409,  -102.7913 
1949,     9, 0.81320050, 4.38469763, 0.52279675, 26.9333362,  3.0041000, 35.6581311,  -103.3731 
1949,    10, 0.26829666, 4.24123346, 0.55738212, 26.9575822,  3.0041000, 35.0285944,  -104.4675 
1949,    11, 0.19879773, 4.20325814, 0.55871482, 26.9558073,  3.0041000, 34.9206780,  -104.6788 
1949,    12, 0.15033655, 4.16817225, 0.55841528, 26.9523808,  3.0041000, 34.8334048,  -104.8564 
1950,     1, 0.12428811, 4.14444717, 0.55754765, 26.9492883,  3.0041000, 34.7796712,  -104.9717 
1950,     2, 0.09442343, 4.11041918, 0.55560577, 26.9439650,  3.0041000, 34.7085134,  -105.1242 
1950,     3, 0.06551793, 4.06559886, 0.55207707, 26.9356797,  3.0041000, 34.6229736,  -105.3102 
1950,     4, 0.19900835, 4.12575631, 0.54747867, 26.9257561,  3.0041000, 34.8020994,  -104.9643 
1950,     5, 0.26404455, 4.15976043, 0.54598833, 26.9166925,  3.0041000, 34.8905858,  -104.8107 
1950,     6, 0.36763768, 4.24042356, 0.54713630, 26.9155022,  3.0041000, 35.0747997,  -104.4592 
1950,     7, 0.28520957, 4.21815102, 0.55276024, 26.9088557,  3.0041000, 34.9690766,  -104.7106 
1950,     8, 0.25766591, 4.19864338, 0.55323868, 26.8968510,  3.0041000, 34.9104990,  -104.8708 
1950,     9, 0.89055212, 4.63775406, 0.55335391, 26.8875860,  3.0041000, 35.9733461,  -102.8409 
1950,    10, 0.53648273, 4.56777398, 0.57790560, 26.9105366,  3.0041000, 35.5967989,  -103.5847 
1950,    11, 0.40736610, 4.53020109, 0.58497565, 26.9162384,  3.0041000, 35.4428813,  -103.9011 
1950,    12, 0.37522969, 4.51904691, 0.58644489, 26.9172542,  3.0041000, 35.4020757,  -103.9925 
1951,     1, 0.27514120, 4.47718049, 0.59008878, 26.9187882,  3.0041000, 35.2652987,  -104.2797 
1951,     2, 0.20421584, 4.43731864, 0.59118924, 26.9175314,  3.0041000, 35.1543552,  -104.5175 
1951,     3, 0.14550472, 4.39242390, 0.59039733, 26.9137134,  3.0041000, 35.0461394,  -104.7527 
1951,     4, 0.08350086, 4.31984996, 0.58606036, 26.9036892,  3.0041000, 34.8972003,  -105.0781 
1951,     5, 0.04847385, 4.24994352, 0.57949883, 26.8909961,  3.0041000, 34.7730123,  -105.3556 
1951,     6, 0.04093318, 4.22844025, 0.57712640, 26.8866683,  3.0041000, 34.7372682,  -105.4429 
1951,     7, 0.03301637, 4.20126245, 0.57398569, 26.8809690,  3.0041000, 34.6933335,  -105.5484 
1951,     8, 0.01263416, 4.08191849, 0.55935869, 26.8535973,  3.0041000, 34.5116086,  -105.9607 
1951,     9, 0.75469327, 4.49609986, 0.54534023, 26.8269801,  3.0041000, 35.6272135,  -103.7749 
1951,    10, 0.35308431, 4.39480072, 0.57060911, 26.8472223,  3.0041000, 35.1698164,  -104.7027 
1951,    11, 0.17209995, 4.30106748, 0.57511300, 26.8449796,  3.0041000, 34.8973600,  -105.2789 
1951,    12, 0.11189619, 4.24587587, 0.57308186, 26.8384042,  3.0041000, 34.7733581,  -105.5523 
1952,     1, 0.08641459, 4.21308718, 0.57084244, 26.8332847,  3.0041000, 34.7077289,  -105.7031 
1952,     2, 0.06714348, 4.18131561, 0.56815433, 26.8276584,  3.0041000, 34.6483719,  -105.8414 
1952,     3, 0.03947164, 4.11520419, 0.56149619, 26.8143333,  3.0041000, 34.5346053,  -106.1006 
1952,     4, 0.02327216, 4.05049347, 0.55395385, 26.7997489,  3.0041000, 34.4315683,  -106.3390 
1952,     5, 0.01076421, 3.95787701, 0.54230619, 26.7770448,  3.0041000, 34.2920922,  -106.6623 
1952,     6, 0.00896192, 3.93617921, 0.53941428, 26.7714913,  3.0041000, 34.2601467,  -106.7440 
1952,     7, 0.00715525, 3.90968326, 0.53585776, 26.7646040,  3.0041000, 34.2214002,  -106.8415 
1952,     8, 0.69778110, 4.34182582, 0.52924107, 26.7515371,  3.0041000, 35.3244851,  -104.6192 
1952,     9, 0.24840211, 4.20935428, 0.55555571, 26.7681649,  3.0041000, 34.7855770,  -105.7379 
1952,    10, 0.11825291, 4.11666168, 0.55532455, 26.7593651,  3.0041000, 34.5537042,  -106.2439 
1952,    11, 0.08753543, 4.07968223, 0.55303357, 26.7533968,  3.0041000, 34.4777480,  -106.4191 
1952,    12, 0.07014467, 4.05266458, 0.55086208, 26.7484205,  3.0041000, 34.4261918,  -106.5419 
1953,     1, 0.05417094, 4.02136796, 0.54795823, 26.7421264,  3.0041000, 34.3697236,  -106.6763 
1953,     2, 0.04009945, 3.98524453, 0.54420408, 26.7342808,  3.0041000, 34.3079289,  -106.8235 
1953,     3, 0.02630679, 3.93516420, 0.53850038, 26.7225844,  3.0041000, 34.2266558,  -107.0157 
1953,     4, 0.01402607, 3.86161435, 0.52947494, 26.7041006,  3.0041000, 34.1133160,  -107.2826 
1953,     5, 0.01184093, 3.84204458, 0.52693034, 26.6989788,  3.0041000, 34.0838947,  -107.3592 
1953,     6, 0.01002751, 3.82293235, 0.52441828, 26.6939043,  3.0041000, 34.0553825,  -107.4338 
1953,     7, 0.00821955, 3.80019833, 0.52140579, 26.6877810,  3.0041000, 34.0217047,  -107.5206 
1953,     8, 0.00665861, 3.77626386, 0.51820912, 26.6812387,  3.0041000, 33.9864703,  -107.6111 
1953,     9, 0.80430110, 4.31197779, 0.51566321, 26.6760027,  3.0041000, 35.3120448,  -104.8986 
1953,    10, 0.34283687, 4.20306959, 0.54609441, 26.6993983,  3.0041000, 34.7954991,  -105.9694 
1953,    11, 0.17139120, 4.11655205, 0.55075429, 26.6965456,  3.0041000, 34.5393431,  -106.5244 
1953,    12, 0.09854079, 4.04876375, 0.54829470, 26.6873142,  3.0041000, 34.3870135,  -106.8660 
1954,     1, 0.08604582, 4.03232797, 0.54714832, 26.6844667,  3.0041000, 34.3540888,  -106.9479 
1954,     2, 0.07528776, 4.01620329, 0.54588079, 26.6814887,  3.0041000, 34.3229605,  -107.0261 
1954,     3, 0.05725533, 3.98334969, 0.54295939, 26.6749285,  3.0041000, 34.2625930,  -107.1699 
1954,     4, 0.05347318, 3.97519131, 0.54215780, 26.6732103,  3.0041000, 34.2481326,  -107.2115 
1954,     5, 0.04719021, 3.96031301, 0.54064347, 26.6699943,  3.0041000, 34.2222410,  -107.2788 
1954,     6, 0.03999651, 3.94071128, 0.53855182, 26.6656086,  3.0041000, 34.1889682,  -107.3630 
1954,     7, 0.03337449, 3.91937118, 0.53616424, 26.6606620,  3.0041000, 34.1536719,  -107.4520 
1954,     8, 1.24847029, 4.67860924, 0.52453770, 26.6361773,  3.0041000, 36.0918946,  -103.3014 
1954,     9, 0.33710132, 4.49840177, 0.59081741, 26.6953019,  3.0041000, 35.1257224,  -105.3305 
1954,    10, 0.10601267, 4.34496378, 0.59197770, 26.6859550,  3.0041000, 34.7330092,  -106.1957 
1954,    11, 0.07592795, 4.30167384, 0.58855782, 26.6792735,  3.0041000, 34.6495331,  -106.3899 
1954,    12, 0.05544649, 4.26129548, 0.58464207, 26.6720954,  3.0041000, 34.5775794,  -106.5594 
1955,     1, 0.04862798, 4.24455353, 0.58284267, 26.6689024,  3.0041000, 34.5490265,  -106.6325 
1955,     2, 0.04423616, 4.23251739, 0.58149913, 26.6665380,  3.0041000, 34.5288907,  -106.6868 
1955,     3, 0.03814491, 4.21374768, 0.57933967, 26.6627450,  3.0041000, 34.4980773,  -106.7652 
1955,     4, 0.21290050, 4.32511657, 0.57785784, 26.6601569,  3.0041000, 34.7801318,  -105.9784 
1955,     5, 0.30404784, 4.38113630, 0.57658119, 26.6537629,  3.0041000, 34.9196282,  -105.5475 
1955,     6, 0.39514042, 4.46075694, 0.57862680, 26.6530822,  3.0041000, 35.0917064,  -105.0538 
1955,     7, 0.49296269, 4.55421641, 0.58198244, 26.6550164,  3.0041000, 35.2882779,  -104.5110 
1955,     8, 0.56529315, 4.64510474, 0.58742726, 26.6593342,  3.0041000, 35.4612594,  -104.0359 
1955,     9, 1.36699955, 5.24025505, 0.59258558, 26.6639921,  3.0041000, 36.8679323,  -100.4409 
1955,    10, 0.85356680, 5.16673871, 0.63183849, 26.7062585,  3.0041000, 36.3625025,  -101.6645 
1955,    11, 0.61888452, 5.11714428, 0.64723191, 26.7227352,  3.0041000, 36.1100959,  -102.2857 
1955,    12, 0.47351204, 5.07620678, 0.65519686, 26.7310880,  3.0041000, 35.9401037,  -102.7076 
1956,     1, 0.35238757, 5.03141328, 0.66024432, 26.7360753,  3.0041000, 35.7842205,  -103.0945 
1956,     2, 0.32756482, 5.02039966, 0.66097725, 26.7367577,  3.0041000, 35.7497995,  -103.1870 
1956,     3, 0.20156416, 4.94779586, 0.66247803, 26.7370394,  3.0041000, 35.5529775,  -103.6695 
1956,     4, 0.13096790, 4.88420990, 0.65990276, 26.7327889,  3.0041000, 35.4119694,  -104.0143 
1956,     5, 0.11408185, 4.86402581, 0.65851092, 26.7308013,  3.0041000, 35.3715199,  -104.1192 
1956,     6, 0.09802111, 4.84193508, 0.65675970, 26.7283377,  3.0041000, 35.3291536,  -104.2283 
1956,     7, 0.05953766, 4.77005215, 0.64991270, 26.7186179,  3.0041000, 35.2022205,  -104.5347 
1956,     8, 0.02597489, 4.65281715, 0.63620798, 26.6988864,  3.0041000, 35.0179864,  -104.9714 
1956,     9, 0.01086439, 4.53272666, 0.62042695, 26.6756104,  3.0041000, 34.8437284,  -105.3834 
1956,    10, 0.00676577, 4.46877911, 0.61156872, 26.6623700,  3.0041000, 34.7535836,  -105.6014 
1956,    11, 1.53832771, 5.49829840, 0.60661602, 26.6548878,  3.0041000, 37.3022300,   -97.3174 
1956,    12, 0.98375728, 5.42504667, 0.64992719, 26.7026139,  3.0041000, 36.7654451,   -98.8768 
1957,     1, 0.63962072, 5.35543207, 0.67315005, 26.7282673,  3.0041000, 36.4005702,   -99.9414 
1957,     2, 0.40355242, 5.28194456, 0.68526226, 26.7415363,  3.0041000, 36.1163955,  -100.7634 
1957,     3, 0.17880938, 5.15452379, 0.68871482, 26.7441668,  3.0041000, 35.7703148,  -101.7322 
1957,     4, 0.16378354, 5.14096855, 0.68812911, 26.7434548,  3.0041000, 35.7404360,  -101.8219 
1957,     5, 0.14675788, 5.12406797, 0.68723856, 26.7423700,  3.0041000, 35.7045344,  -101.9272 
1957,     6, 0.12089334, 5.09435154, 0.68530220, 26.7399869,  3.0041000, 35.6446340,  -102.0952 
1957,     7, 0.09691095, 5.06067008, 0.68260576, 26.7366540,  3.0041000, 35.5809408,  -102.2712 
1957,     8, 1.11553152, 5.69670495, 0.67201187, 26.7229900,  3.0041000, 37.2113383,   -94.0978 
1957,     9, 0.31502181, 5.48465722, 0.72146248, 26.7767093,  3.0041000, 36.3019508,   -97.6600 
1957,    10, 0.11326807, 5.31890821, 0.71710349, 26.7721588,  3.0041000, 35.9255386,   -98.9591 
1957,    11, 0.06878384, 5.23991044, 0.70967150, 26.7640018,  3.0041000, 35.7864676,   -99.3973 
1957,    12, 0.04963943, 5.18888536, 0.70391288, 26.7575307,  3.0041000, 35.7040684,   -99.6492 
1958,     1, 0.03689260, 5.14289252, 0.69829784, 26.7510899,  3.0041000, 35.6332729,   -99.8610 
1958,     2, 0.02465292, 5.08107171, 0.69034142, 26.7417130,  3.0041000, 35.5418791,  -100.1251 
1958,     3, 0.01818778, 5.03492105, 0.68414374, 26.7342812,  3.0041000, 35.4756338,  -100.3154 
1958,     4, 0.01082277, 4.95711987, 0.67348199, 26.7210736,  3.0041000, 35.3665983,  -100.6180 
1958,     5, 0.00948017, 4.93746185, 0.67071104, 26.7176245,  3.0041000, 35.3393775,  -100.6999 
1958,     6, 0.00400241, 4.81137188, 0.65315826, 26.6945401,  3.0041000, 35.1671726,  -101.1651 
1958,     7, 0.00266602, 4.75308073, 0.64485422, 26.6833965,  3.0041000, 35.0880974,  -101.3829 
1958,     8, 0.00217488, 4.72413518, 0.64070016, 26.6777609,  3.0041000, 35.0488711,  -101.4956 
1958,     9, 0.77626332, 5.13082993, 0.62225690, 26.6512264,  3.0041000, 36.1846766,   -92.8273 
1958,    10, 0.29320356, 4.98313238, 0.64921763, 26.6764933,  3.0041000, 35.6061469,   -95.9783 
1958,    11, 0.17868413, 4.90964315, 0.64976764, 26.6752375,  3.0041000, 35.4174324,   -96.8938 
1958,    12, 0.12380907, 4.85590209, 0.64731173, 26.6710364,  3.0041000, 35.3021593,   -97.4115 
1959,     1, 0.11241184, 4.84185422, 0.64635985, 26.6695960,  3.0041000, 35.2743219,   -97.5380 
1959,     2, 0.09328013, 4.81483070, 0.64427949, 26.6664902,  3.0041000, 35.2229805,   -97.7576 
1959,     3, 0.06578925, 4.76466089, 0.63970651, 26.6597367,  3.0041000, 35.1339933,   -98.1139 
1959,     4, 0.03941452, 4.69198954, 0.63188053, 26.6482148,  3.0041000, 35.0155994,   -98.5532 
1959,     5, 0.03435953, 4.67270931, 0.62958339, 26.6448932,  3.0041000, 34.9856454,   -98.6663 
1959,     6, 0.02849771, 4.64656103, 0.62638464, 26.6402401,  3.0041000, 34.9457835,   -98.8112 
1959,     7, 0.02259425, 4.61431550, 0.62232864, 26.6342933,  3.0041000, 34.8976317,   -98.9806 
1959,     8, 1.21536297, 5.41390188, 0.61820326, 26.6281975,  3.0041000, 36.8797656,   -80.4871 
1959,     9, 0.90247269, 5.36577209, 0.64159190, 26.6539242,  3.0041000, 36.5678609,   -82.8636 
1959,    10, 0.28678865, 5.18437084, 0.67724272, 26.6896174,  3.0041000, 35.8421197,   -88.0143 
1959,    11, 0.20828246, 5.13486206, 0.67759631, 26.6895718,  3.0041000, 35.7144126,   -88.8139 
1959,    12, 0.15879757, 5.09324439, 0.67628247, 26.6876679,  3.0041000, 35.6200923,   -89.3711 
1960,     1, 0.13236294, 5.06549851, 0.67475850, 26.6856454,  3.0041000, 35.5623654,   -89.6993 
1960,     2, 0.10767718, 5.03422834, 0.67255868, 26.6827667,  3.0041000, 35.5013309,   -90.0317 
1960,     3, 0.08088372, 4.99120070, 0.66887128, 26.6779429,  3.0041000, 35.4229986,   -90.4343 
1960,     4, 0.22696420, 5.08396018, 0.66755825, 26.6762490,  3.0041000, 35.6588316,   -88.4441 
1960,     5, 0.34885645, 5.16776981, 0.66727405, 26.6756381,  3.0041000, 35.8636384,   -86.6776 
1960,     6, 0.36368571, 5.19642343, 0.66951704, 26.6770212,  3.0041000, 35.9107473,   -85.8672 
1960,     7, 0.45346792, 5.27300677, 0.67128549, 26.6787536,  3.0041000, 36.0806137,   -84.3622 
1960,     8, 0.36235475, 5.25839513, 0.67793041, 26.6845348,  3.0041000, 35.9873151,   -84.4248 
1960,     9, 0.93101406, 5.66781028, 0.67972802, 26.6849690,  3.0041000, 36.9676213,   -76.2216 
1960,    10, 0.53014189, 5.57286318, 0.70507466, 26.7137988,  3.0041000, 36.5259786,   -79.0867 
1960,    11, 0.36459482, 5.51062594, 0.71199855, 26.7221331,  3.0041000, 36.3134524,   -80.4082 
1960,    12, 0.30004086, 5.47850459, 0.71348061, 26.7241413,  3.0041000, 36.2202674,   -80.9722 
1961,     1, 0.22015832, 5.42786042, 0.71375781, 26.7248651,  3.0041000, 36.0907416,   -81.7254 
1961,     2, 0.11996510, 5.32989023, 0.70927440, 26.7200816,  3.0041000, 35.8833113,   -82.8463 
1961,     3, 0.06028699, 5.22099559, 0.69934944, 26.7086513,  3.0041000, 35.6933833,   -83.7795 
1961,     4, 0.02505088, 5.08523828, 0.68339280, 26.6892816,  3.0041000, 35.4870636,   -84.7048 
1961,     5, 0.02226572, 5.06728955, 0.68104068, 26.6864462,  3.0041000, 35.4611422,   -84.8246 
1961,     6, 0.01857930, 5.03984870, 0.67740406, 26.6820122,  3.0041000, 35.4219443,   -84.9994 
1961,     7, 0.01526989, 5.01027654, 0.67343134, 26.6771117,  3.0041000, 35.3801894,   -85.1831 
1961,     8, 0.01245014, 4.97968474, 0.66927356, 26.6719211,  3.0041000, 35.3374296,   -85.3695 
1961,     9, 0.00471843, 4.83682680, 0.64996172, 26.6462784,  3.0041000, 35.1418854,   -86.1746 
1961,    10, 0.00262122, 4.75227667, 0.63822216, 26.6302236,  3.0041000, 35.0274437,   -86.6443 
1961,    11, 1.53474172, 5.77601162, 0.63250560, 26.6222913,  3.0041000, 37.5696502,   -63.5903 
1961,    12, 1.24681139, 5.74012066, 0.65517209, 26.6479518,  3.0041000, 37.2941560,   -65.7075 
1962,     1, 0.88963406, 5.68228930, 0.68148334, 26.6778002,  3.0041000, 36.9353069,   -68.4438 
1962,     2, 0.62793282, 5.62321119, 0.69830776, 26.6971537,  3.0041000, 36.6507054,   -70.5746 
1962,     3, 0.50205314, 5.58559560, 0.70498089, 26.7050598,  3.0041000, 36.5017894,   -71.6668 
1962,     4, 0.34424727, 5.52272113, 0.71115059, 26.7125123,  3.0041000, 36.2947313,   -73.1319 
1962,     5, 0.20140264, 5.43461714, 0.71231965, 26.7142809,  3.0041000, 36.0667203,   -74.6473 
1962,     6, 0.17189374, 5.40884830, 0.71138959, 26.7134238,  3.0041000, 36.0096554,   -75.0133 
1962,     7, 0.14296456, 5.37902857, 0.70981935, 26.7118323,  3.0041000, 35.9477448,   -75.3993 
1962,     8, 1.26292474, 6.12779407, 0.70544286, 26.7070381,  3.0041000, 37.8072998,   -53.8377 
1962,     9, 0.36784486, 5.90517508, 0.76308664, 26.7736492,  3.0041000, 36.8138558,   -62.7386 
1962,    10, 0.14528414, 5.74287527, 0.76141186, 26.7752588,  3.0041000, 36.4289301,   -65.6909 
1962,    11, 0.09538928, 5.67084562, 0.75561288, 26.7704091,  3.0041000, 36.2963568,   -66.5908 
1962,    12, 0.08194312, 5.64505546, 0.75307379, 26.7681453,  3.0041000, 36.2523177,   -66.8815 
1963,     1, 0.07985837, 5.64069284, 0.75262332, 26.7677392,  3.0041000, 36.2450138,   -66.9370 
1963,     2, 0.07504385, 5.63018014, 0.75152050, 26.7667344,  3.0041000, 36.2275789,   -67.0555 
1963,     3, 0.04670224, 5.55063883, 0.74260504, 26.7580785,  3.0041000, 36.1021246,   -67.8177 
1963,     4, 0.02242529, 5.42981431, 0.72748902, 26.7423057,  3.0041000, 35.9261343,   -68.8091 
1963,     5, 0.01965651, 5.40839033, 0.72460772, 26.7392715,  3.0041000, 35.8960261,   -68.9802 
1963,     6, 0.01639361, 5.37901896, 0.72062016, 26.7350148,  3.0041000, 35.8551475,   -69.2068 
1963,     7, 0.01365113, 5.34955793, 0.71657765, 26.7306420,  3.0041000, 35.8145287,   -69.4297 
1963,     8, 0.00917942, 5.28624511, 0.70784351, 26.7209280,  3.0041000, 35.7282960,   -69.8859 
1963,     9, 0.58312832, 5.57121905, 0.69165989, 26.7020138,  3.0041000, 36.5521211,   -43.5829 
1963,    10, 0.21307462, 5.40546753, 0.70492933, 26.7160775,  3.0041000, 36.0436490,   -52.7455 
1963,    11, 0.10485292, 5.29169405, 0.69929820, 26.7094416,  3.0041000, 35.8093868,   -55.9792 
1963,    12, 0.08568261, 5.25973776, 0.69652211, 26.7062661,  3.0041000, 35.7523086,   -56.6557 
1964,     1, 0.07489415, 5.23854583, 0.69449076, 26.7039247,  3.0041000, 35.7159554,   -57.0663 
1964,     2, 0.06095281, 5.20627523, 0.69117734, 26.7000447,  3.0041000, 35.6625501,   -57.6327 
1964,     3, 0.05039167, 5.17664131, 0.68792277, 26.6961911,  3.0041000, 35.6152468,   -58.1053 
1964,     4, 0.03244882, 5.10873386, 0.67997666, 26.6864948,  3.0041000, 35.5117541,   -59.0402 
1964,     5, 0.02583819, 5.07393822, 0.67563115, 26.6811495,  3.0041000, 35.4606570,   -59.4686 
1964,     6, 0.01988446, 5.03422617, 0.67053777, 26.6747901,  3.0041000, 35.4035385,   -59.9221 
1964,     7, 0.01606767, 5.00214064, 0.66632931, 26.6694768,  3.0041000, 35.3581144,   -60.2692 
1964,     8, 1.21059463, 5.80373995, 0.66234410, 26.6643897,  3.0041000, 37.3451684,    -5.1441 
1964,     9, 0.91047798, 5.75434725, 0.68434146, 26.6895073,  3.0041000, 37.0427740,   -11.8038 
1964,    10, 0.43812945, 5.62945117, 0.71296779, 26.7219580,  3.0041000, 36.5066064,   -22.9279 
1964,    11, 0.30346887, 5.56777154, 0.71711628, 26.7272507,  3.0041000, 36.3197074,   -26.4208 
1964,    12, 0.25617748, 5.53954649, 0.71757051, 26.7280899,  3.0041000, 36.2454844,   -27.7267 
1965,     1, 0.21591975, 5.51120739, 0.71733139, 26.7281232,  3.0041000, 36.1766817,   -28.8859 
1965,     2, 0.18685119, 5.48735249, 0.71666207, 26.7276071,  3.0041000, 36.1225728,   -29.7616 
1965,     3, 0.14389001, 5.44451129, 0.71461122, 26.7256198,  3.0041000, 36.0327323,   -31.1297 
1965,     4, 0.30349280, 5.52248343, 0.70974590, 26.7203979,  3.0041000, 36.2602200,   -24.6679 
1965,     5, 0.40536890, 5.59611046, 0.70989236, 26.7209134,  3.0041000, 36.4363851,   -19.3489 
1965,     6, 0.54930076, 5.71173027, 0.71190017, 26.7234865,  3.0041000, 36.7005177,   -12.8696 
1965,     7, 0.64327758, 5.81642054, 0.71717003, 26.7299754,  3.0041000, 36.9109435,    -7.4830 
1965,     8, 0.70336494, 5.91542209, 0.72489845, 26.7394769,  3.0041000, 37.0872623,    -2.8134 
1965,     9, 1.38249289, 6.51123750, 0.74219536, 26.7607968,  3.0041000, 38.4008225,    27.0893 
1965,    10, 0.77986457, 6.40035739, 0.78494521, 26.8126647,  3.0041000, 37.7819319,    15.9684 
1965,    11, 0.62858553, 6.35908428, 0.79345042, 26.8241094,  3.0041000, 37.6093296,    12.9602 
1965,    12, 0.50438745, 6.31722837, 0.79924545, 26.8325399,  3.0041000, 37.4575012,    10.3795 
1966,     1, 0.40687616, 6.27664428, 0.80264302, 26.8382113,  3.0041000, 37.3284748,     8.2498 
1966,     2, 0.24773940, 6.18391486, 0.80450144, 26.8441291,  3.0041000, 37.0843848,     4.4504 
1966,     3, 0.15031027, 6.09190762, 0.80047254, 26.8432237,  3.0041000, 36.8900141,     1.6889 
1966,     4, 0.08022134, 5.97822623, 0.79073960, 26.8362555,  3.0041000, 36.6895427,    -0.8722 
1966,     5, 0.04459789, 5.87385305, 0.77903921, 26.8263085,  3.0041000, 36.5278986,    -2.7389 
1966,     6, 0.01688711, 5.70519255, 0.75770084, 26.8059831,  3.0041000, 36.2898636,    -5.2441 
1966,     7, 0.00708453, 5.55844084, 0.73782212, 26.7856777,  3.0041000, 36.0931252,    -7.1928 
1966,     8, 0.00287092, 5.40983843, 0.71732888, 26.7634013,  3.0041000, 35.8975395,    -9.0816 
1966,     9, 0.00123999, 5.27528775, 0.69867486, 26.7419932,  3.0041000, 35.7212958,   -10.7693 
1966,    10, 0.00070659, 5.18702821, 0.68635831, 26.7273580,  3.0041000, 35.6055511,   -11.8791 
1966,    11, 1.53497890, 6.21451161, 0.68100247, 26.7209006,  3.0041000, 38.1554935,    38.8897 
1966,    12, 1.00945368, 6.13686435, 0.72108266, 26.7673730,  3.0041000, 37.6388737,    30.1913 
1967,     1, 0.70154290, 6.07023575, 0.74141072, 26.7918504,  3.0041000, 37.3091398,    24.7207 
1967,     2, 0.45799921, 5.99307722, 0.75399445, 26.8079366,  3.0041000, 37.0171075,    20.0202 
1967,     3, 0.24858693, 5.88421158, 0.75887049, 26.8159050,  3.0041000, 36.7116740,    15.3825 
1967,     4, 0.17045083, 5.81797573, 0.75689387, 26.8152669,  3.0041000, 36.5646873,    13.2970 
1967,     5, 0.09608164, 5.71877676, 0.74995558, 26.8093849,  3.0041000, 36.3782988,    10.8306 
1967,     6, 0.05033766, 5.60893907, 0.73880667, 26.7984297,  3.0041000, 36.2006131,     8.6613 
1967,     7, 0.04014569, 5.57099925, 0.73434127, 26.7939188,  3.0041000, 36.1435050,     7.9899 
1967,     8, 1.17754989, 6.33207270, 0.73018793, 26.7896413,  3.0041000, 38.0335518,    41.1989 
1967,     9, 0.59325343, 6.20317054, 0.76911770, 26.8365551,  3.0041000, 37.4061968,    31.7768 
1967,    10, 0.21224813, 6.01480884, 0.78013463, 26.8535950,  3.0041000, 36.8648866,    24.1140 
1967,    11, 0.14059553, 5.94094673, 0.77638383, 26.8516402,  3.0041000, 36.7136662,    22.1314 
1967,    12, 0.10259956, 5.88505977, 0.77195158, 26.8482787,  3.0041000, 36.6119896,    20.8474 
1968,     1, 0.07512946, 5.83029890, 0.76667986, 26.8438099,  3.0041000, 36.5200182,    19.7212 
1968,     2, 0.06155527, 5.79554752, 0.76294946, 26.8404939,  3.0041000, 36.4646462,    19.0547 
1968,     3, 0.03857117, 5.71484425, 0.75360863, 26.8316571,  3.0041000, 36.3427811,    17.6374 
1968,     4, 0.02205477, 5.61980946, 0.74168717, 26.8197255,  3.0041000, 36.2073769,    16.1114 
1968,     5, 0.01984603, 5.60204670, 0.73934244, 26.8173562,  3.0041000, 36.1826914,    15.8287 
1968,     6, 0.01646884, 5.57078504, 0.73518517, 26.8130928,  3.0041000, 36.1396319,    15.3460 
1968,     7, 0.00972712, 5.48347711, 0.72349607, 26.8006264,  3.0041000, 36.0214267,    14.0517 
1968,     8, 0.00799731, 5.45135958, 0.71909003, 26.7958660,  3.0041000, 35.9784130,    13.5775 
1968,     9, 0.82062110, 5.87901144, 0.70014462, 26.7741503,  3.0041000, 37.1780274,    33.8661 
1968,    10, 0.23425346, 5.66200965, 0.72887417, 26.8060976,  3.0041000, 36.4353349,    23.6625 
1968,    11, 0.13884652, 5.57386023, 0.72566278, 26.8033341,  3.0041000, 36.2458036,    21.2312 
1968,    12, 0.11063661, 5.53601160, 0.72297372, 26.8006792,  3.0041000, 36.1744011,    20.3383 
1969,     1, 0.08353769, 5.48954688, 0.71897098, 26.7965175,  3.0041000, 36.0926731,    19.3383 
1969,     2, 0.07677422, 5.47566018, 0.71763217, 26.7951115,  3.0041000, 36.0692780,    19.0485 
1969,     3, 0.06445588, 5.44700661, 0.71473094, 26.7920031,  3.0041000, 36.0222965,    18.4822 
1969,     4, 0.04646680, 5.39379341, 0.70893079, 26.7855921,  3.0041000, 35.9388831,    17.5006 
1969,     5, 0.03577779, 5.35165895, 0.70399413, 26.7800317,  3.0041000, 35.8755626,    16.7649 
1969,     6, 0.03049047, 5.32604641, 0.70086991, 26.7764771,  3.0041000, 35.8379839,    16.3282 
1969,     7, 0.02427238, 5.28972868, 0.69633794, 26.7712378,  3.0041000, 35.7856768,    15.7290 
1969,     8, 1.21699571, 6.08708699, 0.69196861, 26.7661166,  3.0041000, 37.7662679,    44.4405 
1969,     9, 0.91529218, 6.03528286, 0.71383377, 26.7916690,  3.0041000, 37.4601778,    40.4660 
1969,    10, 0.70769963, 5.98888958, 0.72729608, 26.8077993,  3.0041000, 37.2357845,    37.5511 
1969,    11, 0.54119332, 5.94088861, 0.73653926, 26.8192542,  3.0041000, 37.0419754,    35.0447 
1969,    12, 0.46140395, 5.91252889, 0.74015635, 26.8240006,  3.0041000, 36.9421898,    33.7580 
1970,     1, 0.38334664, 5.87974629, 0.74297636, 26.8279335,  3.0041000, 36.8381028,    32.4258 
1970,     2, 0.32960912, 5.85316562, 0.74433029, 26.8300713,  3.0041000, 36.7612763,    31.4476 
1970,     3, 0.28247595, 5.82613147, 0.74498290, 26.8314122,  3.0041000, 36.6891025,    30.5354 
1970,     4, 0.35625267, 5.87487532, 0.74443014, 26.8319224,  3.0041000, 36.8115805,    32.2302 
1970,     5, 0.45877864, 5.95445372, 0.74545467, 26.8337135,  3.0041000, 36.9965006,    34.6678 
1970,     6, 0.52728021, 6.02480687, 0.74845084, 26.8380012,  3.0041000, 37.1426392,    36.6136 
1970,     7, 0.58691117, 6.09638773, 0.75247141, 26.8435046,  3.0041000, 37.2833750,    38.4782 
1970,     8, 0.63400850, 6.16686543, 0.75753854, 26.8503103,  3.0041000, 37.4128228,    40.1937 
1970,     9, 1.30012098, 6.66960621, 0.76293740, 26.8575059,  3.0041000, 38.5942705,    54.6487 
1970,    10, 1.15097053, 6.64526961, 0.77377758, 26.8708607,  3.0041000, 38.4449785,    52.9298 
1970,    11, 0.76071463, 6.56322560, 0.79985211, 26.9037143,  3.0041000, 38.0316066,    48.1653 
1970,    12, 0.62994917, 6.52619198, 0.80706260, 26.9136480,  3.0041000, 37.8809518,    46.4187 
1971,     1, 0.44366524, 6.45791526, 0.81518419, 26.9259879,  3.0041000, 37.6468526,    43.7175 
1971,     2, 0.31269646, 6.39049308, 0.81805395, 26.9323661,  3.0041000, 37.4577096,    41.5486 
1971,     3, 0.21372706, 6.31795408, 0.81709643, 26.9345709,  3.0041000, 37.2874485,    39.6160 
1971,     4, 0.12674157, 6.21968303, 0.81135180, 26.9322099,  3.0041000, 37.0940863,    37.4561 
1971,     5, 0.11184975, 6.19640407, 0.80938215, 26.9309908,  3.0041000, 37.0527268,    36.9908 
1971,     6, 0.09709238, 6.17015727, 0.80697199, 26.9293732,  3.0041000, 37.0076948,    36.4874 
1971,     7, 0.07794510, 6.12963118, 0.80292640, 26.9264306,  3.0041000, 36.9410333,    35.7513 
1971,     8, 0.06358573, 6.09230264, 0.79888977, 26.9233110,  3.0041000, 36.8821891,    35.1041 
1971,     9, 1.08374040, 6.77782525, 0.79551946, 26.9206059,  3.0041000, 38.5817910,    55.1950 
1971,    10, 0.37434048, 6.56508893, 0.83571012, 26.9738869,  3.0041000, 37.7531264,    46.1129 
1971,    11, 0.23316551, 6.47250714, 0.83595483, 26.9788259,  3.0041000, 37.5245534,    43.6154 
1971,    12, 0.14309993, 6.37840060, 0.83103180, 26.9778334,  3.0041000, 37.3344657,    41.5589 
1972,     1, 0.11908517, 6.34334511, 0.82821060, 26.9763682,  3.0041000, 37.2711091,    40.8719 
1972,     2, 0.09704383, 6.30451448, 0.82465863, 26.9742034,  3.0041000, 37.2045203,    40.1535 
1972,     3, 0.07032343, 6.24389528, 0.81842965, 26.9698823,  3.0041000, 37.1066306,    39.1084 
1972,     4, 0.04970855, 6.17924680, 0.81105809, 26.9642709,  3.0041000, 37.0083844,    38.0657 
1972,     5, 0.04416248, 6.15735526, 0.80840409, 26.9621813,  3.0041000, 36.9762032,    37.7181 
1972,     6, 0.03842030, 6.13167929, 0.80522512, 26.9596237,  3.0041000, 36.9390484,    37.3191 
1972,     7, 0.03159902, 6.09582961, 0.80068948, 26.9558782,  3.0041000, 36.8880963,    36.7769 
1972,     8, 1.46101443, 7.05774016, 0.79622198, 26.9521007,  3.0041000, 39.2711773,    62.4901 
1972,     9, 1.17581442, 7.01190775, 0.81713448, 26.9782479,  3.0041000, 38.9872046,    59.6417 
1972,    10, 0.97598200, 6.97283333, 0.83073080, 26.9958808,  3.0041000, 38.7795270,    57.5374 
1972,    11, 0.72393599, 6.91062036, 0.84607552, 27.0168092,  3.0041000, 38.5015411,    54.7038 
1972,    12, 0.55333157, 6.85512840, 0.85446715, 27.0296045,  3.0041000, 38.2966316,    52.6006 
1973,     1, 0.39055953, 6.78385642, 0.85984129, 27.0398871,  3.0041000, 38.0782444,    50.3540 
1973,     2, 0.28185622, 6.71779674, 0.86071691, 27.0447787,  3.0041000, 37.9092485,    48.6129 
1973,     3, 0.17907534, 6.62700203, 0.85750469, 27.0462846,  3.0041000, 37.7139667,    46.6075 
1973,     4, 0.10964487, 6.53018793, 0.85022830, 27.0432900,  3.0041000, 37.5374511,    44.8021 
1973,     5, 0.05807381, 6.40686304, 0.83753888, 27.0350411,  3.0041000, 37.3416168,    42.8109 
1973,     6, 0.02333188, 6.23396734, 0.81646826, 27.0184730,  3.0041000, 37.0963405,    40.3312 
1973,     7, 0.01914208, 6.19706005, 0.81155305, 27.0144490,  3.0041000, 37.0463041,    39.8174 
1973,     8, 0.01540350, 6.15679383, 0.80612586, 27.0099058,  3.0041000, 36.9923289,    39.2639 
1973,     9, 0.99182158, 6.80335228, 0.80159221, 27.0060427,  3.0041000, 38.6069087,    55.8264 
1973,    10, 0.66325914, 6.72172050, 0.82183081, 27.0327377,  3.0041000, 38.2436481,    52.2789 
1973,    11, 0.42415280, 6.63216959, 0.83224129, 27.0488493,  3.0041000, 37.9415130,    49.2956 
1973,    12, 0.28879539, 6.55613157, 0.83443623, 27.0551131,  3.0041000, 37.7385763,    47.2777 
1974,     1, 0.17739691, 6.46097907, 0.83163987, 27.0564787,  3.0041000, 37.5305945,    45.2060 
1974,     2, 0.11429869, 6.37633594, 0.82564410, 27.0535806,  3.0041000, 37.3739593,    43.6431 
1974,     3, 0.07388803, 6.29342665, 0.81772296, 27.0481968,  3.0041000, 37.2373344,    42.2796 
1974,     4, 0.06874456, 6.27981866, 0.81625495, 27.0471310,  3.0041000, 37.2160491,    42.0582 
1974,     5, 0.06123569, 6.25806532, 0.81384717, 27.0453354,  3.0041000, 37.1825836,    41.7162 
1974,     6, 0.05205670, 6.22765080, 0.81036635, 27.0426518,  3.0041000, 37.1368257,    41.2527 
1974,     7, 0.04315317, 6.19270417, 0.80622071, 27.0393465,  3.0041000, 37.0855246,    40.7344 
1974,     8, 1.17168094, 6.82297405, 0.78490724, 27.0204584,  3.0041000, 38.8041206,    57.3533 
1974,     9, 0.36130128, 6.58636089, 0.83273567, 27.0819399,  3.0041000, 37.8664378,    48.5871 
1974,    10, 0.19822664, 6.46880857, 0.83184842, 27.0863768,  3.0041000, 37.5893605,    45.9344 
1974,    11, 0.11269035, 6.36013071, 0.82465496, 27.0830839,  3.0041000, 37.3846599,    43.9626 
1974,    12, 0.05781545, 6.23405682, 0.81212349, 27.0739631,  3.0041000, 37.1820589,    42.0057 
1975,     1, 0.04136170, 6.17173671, 0.80481094, 27.0680921,  3.0041000, 37.0901015,    41.1100 
1975,     2, 0.03388020, 6.13490464, 0.80025990, 27.0643101,  3.0041000, 37.0374549,    40.5922 
1975,     3, 0.02708778, 6.09386238, 0.79505607, 27.0598639,  3.0041000, 36.9799701,    40.0273 
1975,     4, 0.17216684, 6.12234359, 0.78482631, 27.0507344,  3.0041000, 37.1341711,    41.5579 
1975,     5, 0.26066868, 6.14135903, 0.77882642, 27.0464870,  3.0041000, 37.2314411,    42.5290 
1975,     6, 0.37414803, 6.21716794, 0.77831339, 27.0469013,  3.0041000, 37.4206306,    44.3626 
1975,     7, 0.45088074, 6.28116044, 0.77969190, 27.0498638,  3.0041000, 37.5656969,    45.7614 
1975,     8, 0.50451287, 6.34093468, 0.78271044, 27.0548833,  3.0041000, 37.6871413,    46.9275 
1975,     9, 0.99328798, 6.72205003, 0.78898740, 27.0663533,  3.0041000, 38.5747788,    55.2218 
1975,    10, 0.58153505, 6.61495299, 0.81397847, 27.0988805,  3.0041000, 38.1134470,    51.0269 
1975,    11, 0.44292261, 6.56114024, 0.81966878, 27.1078256,  3.0041000, 37.9356572,    49.3836 
1975,    12, 0.35937588, 6.52012547, 0.82183631, 27.1122233,  3.0041000, 37.8176610,    48.2841 
1976,     1, 0.27564924, 6.46844946, 0.82251334, 27.1153814,  3.0041000, 37.6860935,    47.0551 
1976,     2, 0.22316437, 6.42759095, 0.82170687, 27.1163495,  3.0041000, 37.5929117,    46.1794 
1976,     3, 0.17826129, 6.38441628, 0.81984447, 27.1161794,  3.0041000, 37.5028014,    45.3306 
1976,     4, 0.16446044, 6.36900117, 0.81895039, 27.1158650,  3.0041000, 37.4723770,    45.0366 
1976,     5, 0.14230964, 6.34141995, 0.81712029, 27.1150077,  3.0041000, 37.4199576,    44.5376 
1976,     6, 0.11285024, 6.29744757, 0.81366962, 27.1129539,  3.0041000, 37.3410213,    43.7911 
1976,     7, 0.08782094, 6.25025055, 0.80934559, 27.1099618,  3.0041000, 37.2614789,    43.0383 
1976,     8, 1.35530150, 7.10086853, 0.80507910, 27.1067513,  3.0041000, 39.3721004,    61.0685 
1976,     9, 0.35067387, 6.81863583, 0.86646908, 27.1862993,  3.0041000, 38.2261781,    51.4330 
1976,    10, 0.12734557, 6.61454399, 0.85947216, 27.1888432,  3.0041000, 37.7943049,    47.6481 
1976,    11, 0.09460931, 6.55584098, 0.85409866, 27.1859762,  3.0041000, 37.6946251,    46.7559 
1976,    12, 0.08439116, 6.53340083, 0.85180455, 27.1846042,  3.0041000, 37.6583008,    46.4231 
1977,     1, 0.06620151, 6.48599234, 0.84667395, 27.1812795,  3.0041000, 37.5842473,    45.7544 
1977,     2, 0.04343075, 6.40448651, 0.83714058, 27.1744532,  3.0041000, 37.4636110,    44.6682 
1977,     3, 0.02469006, 6.29688928, 0.82359895, 27.1638359,  3.0041000, 37.3131142,    43.3100 
1977,     4, 0.01978315, 6.25517200, 0.81807324, 27.1593502,  3.0041000, 37.2564786,    42.7904 
1977,     5, 0.01776189, 6.23498005, 0.81535876, 27.1571170,  3.0041000, 37.2293177,    42.5354 
1977,     6, 0.01551525, 6.20973628, 0.81194583, 27.1542714,  3.0041000, 37.1955687,    42.2208 
1977,     7, 0.01272236, 6.17287412, 0.80693465, 27.1500161,  3.0041000, 37.1466473,    41.7691 
1977,     8, 0.83551358, 6.57821636, 0.78382433, 27.1288697,  3.0041000, 38.3305240,    51.0514 
1977,     9, 0.27036772, 6.35928360, 0.80967050, 27.1640926,  3.0041000, 37.6075144,    45.1572 
1977,    10, 0.09574613, 6.16429174, 0.79972719, 27.1590215,  3.0041000, 37.2228865,    41.8734 
1977,    11, 0.05675057, 6.06832251, 0.78993916, 27.1509908,  3.0041000, 37.0701031,    40.5345 
1977,    12, 0.03519570, 5.98197008, 0.77984109, 27.1419897,  3.0041000, 36.9430966,    39.4094 
1978,     1, 0.02737984, 5.93707419, 0.77423138, 27.1368239,  3.0041000, 36.8796093,    38.8386 
1978,     2, 0.02161734, 5.89513310, 0.76885271, 27.1317527,  3.0041000, 36.8214559,    38.3133 
1978,     3, 0.01241718, 5.79789360, 0.75617474, 27.1192313,  3.0041000, 36.6898168,    37.1329 
1978,     4, 0.00911215, 5.74431398, 0.74898699, 27.1119606,  3.0041000, 36.6184737,    36.4857 
1978,     5, 0.00535996, 5.65359101, 0.73677913, 27.0991317,  3.0041000, 36.4989618,    35.4052 
1978,     6, 0.00454819, 5.62580546, 0.73297434, 27.0950900,  3.0041000, 36.4625180,    35.0674 
1978,     7, 0.00377029, 5.59423610, 0.72864847, 27.0904356,  3.0041000, 36.4211905,    34.6853 
1978,     8, 1.09404184, 6.32033868, 0.72433068, 27.0857309,  3.0041000, 38.2285421,    48.3082 
1978,     9, 0.81076077, 6.26377450, 0.74386384, 27.1090846,  3.0041000, 37.9315837,    46.0753 
1978,    10, 0.65032984, 6.22247762, 0.75355476, 27.1211245,  3.0041000, 37.7515867,    44.6932 
1978,    11, 0.47998887, 6.16603901, 0.76211351, 27.1322582,  3.0041000, 37.5444996,    43.0793 
1978,    12, 0.34906395, 6.10740166, 0.76653982, 27.1387868,  3.0041000, 37.3658922,    41.6615 
1979,     1, 0.31899778, 6.09092094, 0.76709425, 27.1398827,  3.0041000, 37.3209957,    41.2932 
1979,     2, 0.27547390, 6.06417529, 0.76750059, 27.1410748,  3.0041000, 37.2523246,    40.7323 
1979,     3, 0.18886227, 5.99589044, 0.76630664, 27.1413599,  3.0041000, 37.0965192,    39.4589 
1979,     4, 0.12716701, 5.92516661, 0.76237309, 27.1384598,  3.0041000, 36.9572665,    38.3017 
1979,     5, 0.07002407, 5.82005052, 0.75333908, 27.1300473,  3.0041000, 36.7775610,    36.7870 
1979,     6, 0.05919070, 5.79077829, 0.75026795, 27.1270797,  3.0041000, 36.7314167,    36.3860 
1979,     7, 0.04802773, 5.75458614, 0.74627119, 27.1231168,  3.0041000, 36.6761018,    35.9054 
1979,     8, 1.13047443, 6.47876488, 0.74241097, 27.1192091,  3.0041000, 38.4749594,    48.3206 
1979,     9, 0.86002359, 6.42583705, 0.76114135, 27.1419575,  3.0041000, 38.1930594,    46.3497 
1979,    10, 0.31541839, 6.23535246, 0.78871949, 27.1771732,  3.0041000, 37.5207636,    41.4591 
1979,    11, 0.18287674, 6.13421723, 0.78736375, 27.1786875,  3.0041000, 37.2872452,    39.6660 
1979,    12, 0.11469437, 6.04895927, 0.78194466, 27.1750048,  3.0041000, 37.1247031,    38.3829 
1980,     1, 0.10115328, 6.02620355, 0.78000287, 27.1734778,  3.0041000, 37.0849375,    38.0569 
1980,     2, 0.07673022, 5.97645138, 0.77531161, 27.1695054,  3.0041000, 37.0020986,    37.3846 
1980,     3, 0.06058730, 5.93425010, 0.77089228, 27.1655641,  3.0041000, 36.9353938,    36.8367 
1980,     4, 0.04670375, 5.88809692, 0.76571383, 27.1607604,  3.0041000, 36.8653749,    36.2581 
1980,     5, 0.04171707, 5.86818518, 0.76337232, 27.1585526,  3.0041000, 36.8359272,    36.0074 
1980,     6, 0.03082295, 5.81514603, 0.75696885, 27.1523240,  3.0041000, 36.7593618,    35.3700 
1980,     7, 0.01255520, 5.66055616, 0.73754896, 27.1319412,  3.0041000, 36.5467015,    33.6008 
1980,     8, 1.26512485, 6.36352700, 0.71496441, 27.1064958,  3.0041000, 38.4542120,    45.6347 
1980,     9, 0.34301035, 6.11917828, 0.77398894, 27.1743930,  3.0041000, 37.4146705,    38.6407 
1980,    10, 0.21474872, 6.03381245, 0.77434897, 27.1770291,  3.0041000, 37.2040392,    37.1133 
1980,    11, 0.15937482, 5.98007294, 0.77204386, 27.1758353,  3.0041000, 37.0914269,    36.2728 
1980,    12, 0.12423964, 5.93555995, 0.76908926, 27.1736095,  3.0041000, 37.0065983,    35.6281 
1981,     1, 0.10005024, 5.89712636, 0.76594403, 27.1709628,  3.0041000, 36.9381834,    35.1004 
1981,     2, 0.08642756, 5.87128900, 0.76356877, 27.1688659,  3.0041000, 36.8942512,    34.7551 
1981,     3, 0.05690811, 5.79814556, 0.75610532, 27.1617912,  3.0041000, 36.7770502,    33.8428 
1981,     4, 0.03930072, 5.73410849, 0.74878304, 27.1545165,  3.0041000, 36.6808088,    33.0825 
1981,     5, 0.02073703, 5.62517823, 0.73543290, 27.1404641,  3.0041000, 36.5259123,    31.8513 
1981,     6, 0.01764910, 5.59803448, 0.73190711, 27.1367130,  3.0041000, 36.4884037,    31.5428 
1981,     7, 0.01437203, 5.56364523, 0.72739455, 27.1318392,  3.0041000, 36.4413510,    31.1576 
1981,     8, 1.70098067, 6.70167031, 0.72273641, 27.1267329,  3.0041000, 39.2562203,    47.7685 
1981,     9, 0.45078330, 6.43992948, 0.81184955, 27.2305885,  3.0041000, 37.9372508,    39.8094 
1981,    10, 0.21668788, 6.29995019, 0.81471809, 27.2390712,  3.0041000, 37.5745274,    37.4077 
1981,    11, 0.15088531, 6.23191449, 0.81122120, 27.2378315,  3.0041000, 37.4359525,    36.4491 
1981,    12, 0.14107140, 6.21935356, 0.81032676, 27.2373357,  3.0041000, 37.4121874,    36.2738 
1982,     1, 0.11379861, 6.17939825, 0.80714475, 27.2352925,  3.0041000, 37.3397341,    35.7576 
1982,     2, 0.07831655, 6.11051317, 0.80062994, 27.2303803,  3.0041000, 37.2239400,    34.9277 
1982,     3, 0.04798066, 6.02135267, 0.79078463, 27.2220590,  3.0041000, 37.0862770,    33.9267 
1982,     4, 0.03634812, 5.97140509, 0.78471701, 27.2166803,  3.0041000, 37.0132505,    33.3842 
1982,     5, 0.03198049, 5.94851598, 0.78183271, 27.2140773,  3.0041000, 36.9805065,    33.1338 
1982,     6, 0.01699091, 5.83671615, 0.76745929, 27.2003250,  3.0041000, 36.8255913,    31.9800 
1982,     7, 0.01370969, 5.79926433, 0.76242213, 27.1954103,  3.0041000, 36.7749064,    31.5925 
1982,     8, 1.26806630, 6.63518145, 0.75739918, 27.1904263,  3.0041000, 38.8551733,    43.0368 
1982,     9, 0.94456582, 6.57681327, 0.78037983, 27.2185082,  3.0041000, 38.5243671,    41.1726 
1982,    10, 0.37395813, 6.39651223, 0.81127340, 27.2587257,  3.0041000, 37.8445695,    37.1495 
1982,    11, 0.19047993, 6.26836132, 0.81088801, 27.2629932,  3.0041000, 37.5368225,    35.1965 
1982,    12, 0.13493667, 6.20386652, 0.80695007, 27.2609938,  3.0041000, 37.4108470,    34.3617 
1983,     1, 0.07736358, 6.10119128, 0.79786289, 27.2541622,  3.0041000, 37.2346799,    33.1696 
1983,     2, 0.06478001, 6.06878534, 0.79439384, 27.2513249,  3.0041000, 37.1833841,    32.8089 
1983,     3, 0.03822183, 5.97348655, 0.78339829, 27.2415906,  3.0041000, 37.0407973,    31.8128 
1983,     4, 0.02692630, 5.91103926, 0.77557727, 27.2343487,  3.0041000, 36.9519915,    31.1803 
1983,     5, 0.01539876, 5.81276969, 0.76282017, 27.2219197,  3.0041000, 36.8170084,    30.2150 
1983,     6, 0.01286695, 5.78153037, 0.75861465, 27.2177586,  3.0041000, 36.7748706,    29.9043 
1983,     7, 0.00984406, 5.73526871, 0.75235000, 27.2114325,  3.0041000, 36.7129952,    29.4517 
1983,     8, 1.15260481, 6.49046793, 0.74691354, 27.2058482,  3.0041000, 38.5999345,    39.2576 
1983,     9, 0.27231339, 6.21552282, 0.79758929, 27.2665871,  3.0041000, 37.5561126,    33.3894 
1983,    10, 0.10474609, 6.03989974, 0.78928014, 27.2619985,  3.0041000, 37.2000245,    31.1618 
1983,    11, 0.05646149, 5.92895515, 0.77817523, 27.2523189,  3.0041000, 37.0200107,    29.9770 
1983,    12, 0.03628820, 5.85084454, 0.76898022, 27.2437085,  3.0041000, 36.9039215,    29.1928 
1984,     1, 0.02646307, 5.79568536, 0.76204953, 27.2369910,  3.0041000, 36.8252890,    28.6522 
1984,     2, 0.01997923, 5.74702330, 0.75573521, 27.2307138,  3.0041000, 36.7575516,    28.1816 
1984,     3, 0.01369757, 5.68230970, 0.74716999, 27.2219382,  3.0041000, 36.6692155,    27.5673 
1984,     4, 0.01167194, 5.65509474, 0.74349089, 27.2181233,  3.0041000, 36.6324809,    27.3045 
1984,     5, 0.00720565, 5.57385670, 0.73251193, 27.2063381,  3.0041000, 36.5240124,    26.5459 
1984,     6, 0.00603642, 5.54432873, 0.72844949, 27.2019269,  3.0041000, 36.4848415,    26.2641 
1984,     7, 0.00485482, 5.50821368, 0.72347362, 27.1964436,  3.0041000, 36.4370857,    25.9221 
1984,     8, 1.14864130, 6.26465495, 0.71815223, 27.1904877,  3.0041000, 38.3260361,    35.2444 
1984,     9, 0.28665867, 6.00914349, 0.76964059, 27.2493524,  3.0041000, 37.3188951,    29.8505 
1984,    10, 0.09616476, 5.81543360, 0.76138933, 27.2430440,  3.0041000, 36.9201317,    27.4593 
1984,    11, 0.04762275, 5.69411267, 0.74897704, 27.2307191,  3.0041000, 36.7255316,    26.2215 
1984,    12, 0.03068384, 5.61951600, 0.74002527, 27.2214230,  3.0041000, 36.6157481,    25.5028 
1985,     1, 0.02837404, 5.60633772, 0.73835831, 27.2196813,  3.0041000, 36.5968514,    25.3693 
1985,     2, 0.02552217, 5.58855015, 0.73608741, 27.2172881,  3.0041000, 36.5715478,    25.1938 
1985,     3, 0.02026555, 5.55001778, 0.73111133, 27.2119486,  3.0041000, 36.5174433,    24.8292 
1985,     4, 0.01854582, 5.53527244, 0.72917222, 27.2098550,  3.0041000, 36.4969455,    24.6840 
1985,     5, 0.01648873, 5.51578383, 0.72659406, 27.2070475,  3.0041000, 36.4700141,    24.4962 
1985,     6, 0.00780307, 5.39336217, 0.71041922, 27.1884746,  3.0041000, 36.3041590,    23.3866 
1985,     7, 0.00270767, 5.22479804, 0.68790102, 27.1608167,  3.0041000, 36.0803234,    21.8764 
1985,     8, 0.00223557, 5.19485298, 0.68376189, 27.1556992,  3.0041000, 36.0406496,    21.5985 
1985,     9, 1.53211461, 6.20985708, 0.67717756, 27.1473984,  3.0041000, 38.5706477,    33.4502 
1985,    10, 1.18206153, 6.16172157, 0.70427360, 27.1786204,  3.0041000, 38.2307771,    31.8406 
1985,    11, 0.98168670, 6.12748215, 0.71875870, 27.1956034,  3.0041000, 38.0276309,    30.8512 
1985,    12, 0.69873826, 6.06530023, 0.73737515, 27.2176939,  3.0041000, 37.7232075,    29.3359 
1986,     1, 0.58569784, 6.03327437, 0.74369948, 27.2255369,  3.0041000, 37.5923086,    28.6617 
1986,     2, 0.56912057, 6.02807984, 0.74454478, 27.2266187,  3.0041000, 37.5724639,    28.5495 
1986,     3, 0.43913419, 5.98137161, 0.75043857, 27.2342521,  3.0041000, 37.4092965,    27.6929 
1986,     4, 0.32572839, 5.92800465, 0.75379013, 27.2391189,  3.0041000, 37.2507421,    26.8397 
1986,     5, 0.16862173, 5.81206247, 0.75278466, 27.2397224,  3.0041000, 36.9772912,    25.3190 
1986,     6, 0.14000031, 5.77971918, 0.75091029, 27.2381728,  3.0041000, 36.9129026,    24.9411 
1986,     7, 0.11310706, 5.74285114, 0.74823316, 27.2357355,  3.0041000, 36.8440269,    24.5325 
1986,     8, 1.82984545, 6.82996086, 0.73368782, 27.2203330,  3.0041000, 39.6179271,    35.8542 
1986,     9, 0.63766254, 6.61734093, 0.82201758, 27.3245822,  3.0041000, 38.4057032,    30.5852 
1986,    10, 0.22870554, 6.41688245, 0.83372160, 27.3454871,  3.0041000, 37.8288967,    27.7917 
1986,    11, 0.15286171, 6.33978813, 0.82976949, 27.3445040,  3.0041000, 37.6710234,    26.9685 
1986,    12, 0.11470553, 6.28540567, 0.82546660, 27.3420403,  3.0041000, 37.5717181,    26.4339 
1987,     1, 0.10189955, 6.26312314, 0.82341212, 27.3406973,  3.0041000, 37.5332321,    26.2176 
1987,     2, 0.07502443, 6.20585842, 0.81762653, 27.3365055,  3.0041000, 37.4391148,    25.6979 
1987,     3, 0.05399079, 6.14490782, 0.81076678, 27.3310882,  3.0041000, 37.3448535,    25.1694 
1987,     4, 0.03050039, 6.04052861, 0.79799374, 27.3201008,  3.0041000, 37.1932235,    24.3110 
1987,     5, 0.02235111, 5.98445706, 0.79065858, 27.3135336,  3.0041000, 37.1151003,    23.8577 
1987,     6, 0.01034843, 5.84779339, 0.77241333, 27.2960757,  3.0041000, 36.9307309,    22.7901 
1987,     7, 0.00576072, 5.74592688, 0.75839335, 27.2820443,  3.0041000, 36.7962253,    21.9998 
1987,     8, 1.16923605, 6.52053685, 0.75361381, 27.2771916,  3.0041000, 38.7246783,    29.7908 
1987,     9, 0.88061034, 6.46531666, 0.77363733, 27.3016349,  3.0041000, 38.4252993,    28.5178 
1987,    10, 0.36891037, 6.29874336, 0.80048540, 27.3363678,  3.0041000, 37.8086069,    25.7570 
1987,    11, 0.22203947, 6.20353437, 0.80108096, 27.3402896,  3.0041000, 37.5710444,    24.6116 
1987,    12, 0.14365525, 6.12302358, 0.79709039, 27.3384468,  3.0041000, 37.4063160,    23.7821 
1988,     1, 0.09393767, 6.04548964, 0.79076297, 27.3336721,  3.0041000, 37.2679623,    23.0622 
1988,     2, 0.06410767, 5.97659170, 0.78375732, 27.3276848,  3.0041000, 37.1562415,    22.4650 
1988,     3, 0.03758337, 5.88160910, 0.77280885, 27.3175238,  3.0041000, 37.0136252,    21.6899 
1988,     4, 0.02904049, 5.83628387, 0.76714324, 27.3120974,  3.0041000, 36.9486650,    21.3260 
1988,     5, 0.02536333, 5.81262724, 0.76410296, 27.3091451,  3.0041000, 36.9153386,    21.1331 
1988,     6, 0.02134917, 5.78266075, 0.76020144, 27.3052985,  3.0041000, 36.8736099,    20.8933 
1988,     7, 0.01120629, 5.67192062, 0.74563592, 27.2901905,  3.0041000, 36.7230533,    20.0485 
1988,     8, 1.15400206, 6.43349035, 0.74108505, 27.2854052,  3.0041000, 38.6180827,    27.2807 
1988,     9, 0.33751426, 6.20053581, 0.79025898, 27.3439259,  3.0041000, 37.6763350,    23.3292 
1988,    10, 0.12516450, 6.01873041, 0.78556781, 27.3430147,  3.0041000, 37.2765774,    21.4462 
1988,    11, 0.08528714, 5.94986295, 0.77952959, 27.3380114,  3.0041000, 37.1567911,    20.8429 
1988,    12, 0.04688375, 5.84401237, 0.76820785, 27.3274589,  3.0041000, 36.9906628,    19.9874 
1989,     1, 0.02869811, 5.75858861, 0.75782732, 27.3172057,  3.0041000, 36.8664198,    19.3302 
1989,     2, 0.01799852, 5.67855142, 0.74752389, 27.3066087,  3.0041000, 36.7547825,    18.7302 
1989,     3, 0.00904494, 5.56253331, 0.73215826, 27.2899784,  3.0041000, 36.5978150,    17.8804 
1989,     4, 0.00656172, 5.50923097, 0.72488457, 27.2819428,  3.0041000, 36.5267201,    17.4866 
1989,     5, 0.00562146, 5.48372839, 0.72136971, 27.2780211,  3.0041000, 36.4928406,    17.2928 
1989,     6, 0.00470768, 5.45462193, 0.71735267, 27.2734860,  3.0041000, 36.4542683,    17.0732 
1989,     7, 0.00368559, 5.41471587, 0.71184691, 27.2671694,  3.0041000, 36.4015178,    16.7761 
1989,     8, 1.14774799, 6.17356267, 0.70684908, 27.2613529,  3.0041000, 38.2936126,    23.7219 
1989,     9, 0.83180884, 6.11422155, 0.72911442, 27.2873882,  3.0041000, 37.9666330,    22.4467 
1989,    10, 0.25717285, 5.90265254, 0.75713309, 27.3201000,  3.0041000, 37.2411585,    19.4183 
1989,    11, 0.16073801, 5.82001392, 0.75475947, 27.3187923,  3.0041000, 37.0584037,    18.5798 
1989,    12, 0.10468022, 5.74561345, 0.74962693, 27.3140723,  3.0041000, 36.9180929,    17.9101 
1990,     1, 0.07514237, 5.68875215, 0.74439695, 27.3088740,  3.0041000, 36.8212654,    17.4327 
1990,     2, 0.05071972, 5.62206381, 0.73732112, 27.3014860,  3.0041000, 36.7156907,    16.9030 
1990,     3, 0.04079373, 5.58545129, 0.73307776, 27.2969678,  3.0041000, 36.6603906,    16.6166 
1990,     4, 0.03776466, 5.57253793, 0.73152872, 27.2953086,  3.0041000, 36.6412399,    16.5100 
1990,     5, 0.03283888, 5.54922218, 0.72869019, 27.2922327,  3.0041000, 36.6070840,    16.3274 
1990,     6, 0.02777704, 5.52142332, 0.72523711, 27.2884422,  3.0041000, 36.5669797,    16.1139 
1990,     7, 0.02227486, 5.48497828, 0.72061945, 27.2832903,  3.0041000, 36.5152629,    15.8400 
1990,     8, 0.01728561, 5.44340947, 0.71524795, 27.2771913,  3.0041000, 36.4572344,    15.5322 
1990,     9, 1.54375729, 6.46342107, 0.70962189, 27.2706915,  3.0041000, 38.9915917,    24.1796 
1990,    10, 0.90732364, 6.36118382, 0.75729545, 27.3263982,  3.0041000, 38.3563011,    21.9242 
1990,    11, 0.64800890, 6.29727281, 0.77328217, 27.3463071,  3.0041000, 38.0689710,    20.8461 
1990,    12, 0.52508656, 6.25766062, 0.77944087, 27.3545502,  3.0041000, 37.9208383,    20.2684 
1991,     1, 0.44222498, 6.22550200, 0.78278568, 27.3593954,  3.0041000, 37.8140081,    19.8406 
1991,     2, 0.40006487, 6.20681772, 0.78413635, 27.3615556,  3.0041000, 37.7566746,    19.6028 
1991,     3, 0.26574058, 6.13110587, 0.78631454, 27.3662563,  3.0041000, 37.5535173,    18.7671 
1991,     4, 0.17816392, 6.05800562, 0.78432578, 27.3660867,  3.0041000, 37.3906820,    18.0694 
1991,     5, 0.15886492, 6.03720495, 0.78317480, 27.3654020,  3.0041000, 37.3487466,    17.8779 
1991,     6, 0.11673505, 5.98165164, 0.77927452, 27.3624726,  3.0041000, 37.2442339,    17.4088 
1991,     7, 0.09274071, 5.94050261, 0.77567782, 27.3594489,  3.0041000, 37.1724700,    17.0773 
1991,     8, 1.95695455, 7.20767578, 0.77168521, 27.3558906,  3.0041000, 40.2963062,    26.6766 
1991,     9, 0.43117093, 6.88790747, 0.88063470, 27.4872248,  3.0041000, 38.6910379,    21.4127 
1991,    10, 0.17937220, 6.70904144, 0.87922284, 27.4955363,  3.0041000, 38.2672728,    19.8071 
1991,    11, 0.12919141, 6.64331475, 0.87429808, 27.4938294,  3.0041000, 38.1447336,    19.3088 
1991,    12, 0.10676241, 6.60541901, 0.87080756, 27.4920844,  3.0041000, 38.0791734,    19.0322 
1992,     1, 0.08970325, 6.57100906, 0.86732347, 27.4901024,  3.0041000, 38.0222381,    18.7878 
1992,     2, 0.06921515, 6.52009397, 0.86174770, 27.4865805,  3.0041000, 37.9417373,    18.4423 
1992,     3, 0.04723189, 6.44577112, 0.85292174, 27.4804154,  3.0041000, 37.8304402,    17.9610 
1992,     4, 0.02992371, 6.35811359, 0.84175885, 27.4719491,  3.0041000, 37.7058453,    17.4142 
1992,     5, 0.01791254, 6.26098317, 0.82878564, 27.4614460,  3.0041000, 37.5732273,    16.8242 
1992,     6, 0.01477898, 6.22496845, 0.82381210, 27.4573179,  3.0041000, 37.5249774,    16.6009 
1992,     7, 0.00819290, 6.11576728, 0.80871029, 27.4441432,  3.0041000, 37.3809137,    15.9504 
1992,     8, 1.28198551, 6.81781370, 0.78295640, 27.4198283,  3.0041000, 39.3066839,    21.4213 
1992,     9, 0.31417201, 6.53617484, 0.84067504, 27.4920420,  3.0041000, 38.1871639,    17.7085 
1992,    10, 0.16367369, 6.40955683, 0.83698655, 27.4934529,  3.0041000, 37.9077700,    16.6598 
1992,    11, 0.11263054, 6.33808882, 0.83147685, 27.4903820,  3.0041000, 37.7766782,    16.1399 
1992,    12, 0.09478259, 6.30536880, 0.82838871, 27.4883241,  3.0041000, 37.7209642,    15.9085 
1993,     1, 0.05817062, 6.21369235, 0.81863991, 27.4808877,  3.0041000, 37.5754906,    15.3097 
1993,     2, 0.04075861, 6.14773612, 0.81074612, 27.4743764,  3.0041000, 37.4777172,    14.8953 
1993,     3, 0.02341209, 6.04632996, 0.79785586, 27.4629930,  3.0041000, 37.3346910,    14.2838 
1993,     4, 0.01412322, 5.95534115, 0.78572208, 27.4517304,  3.0041000, 37.2110168,    13.7456 
1993,     5, 0.00720490, 5.83629833, 0.76952539, 27.4358651,  3.0041000, 37.0529938,    13.0528 
1993,     6, 0.00283514, 5.67526130, 0.74748748, 27.4127953,  3.0041000, 36.8424792,    12.1224 
1993,     7, 0.00231984, 5.64121179, 0.74270097, 27.4077215,  3.0041000, 36.7980541,    11.9165 
1993,     8, 1.14672140, 6.40440942, 0.73822969, 27.4029214,  3.0041000, 38.6963819,    17.5002 
1993,     9, 0.34120407, 6.17569410, 0.78686427, 27.4602919,  3.0041000, 37.7681544,    14.4773 
1993,    10, 0.16278284, 6.04009276, 0.78506538, 27.4615993,  3.0041000, 37.4536402,    13.3308 
1993,    11, 0.11126156, 5.97153119, 0.78020509, 27.4578594,  3.0041000, 37.3249573,    12.8318 
1993,    12, 0.07127060, 5.89227031, 0.77274815, 27.4511891,  3.0041000, 37.1915782,    12.3001 
1994,     1, 0.04599654, 5.81536669, 0.76423165, 27.4430027,  3.0041000, 37.0726976,    11.8134 
1994,     2, 0.03443445, 5.76507742, 0.75816402, 27.4369739,  3.0041000, 36.9987498,    11.5019 
1994,     3, 0.01777547, 5.65184157, 0.74386754, 27.4219369,  3.0041000, 36.8395215,    10.8328 
1994,     4, 0.01163794, 5.58048097, 0.73440061, 27.4116769,  3.0041000, 36.7422964,    10.4146 
1994,     5, 0.00696194, 5.49512087, 0.72290653, 27.3987752,  3.0041000, 36.6278646,     9.9200 
1994,     6, 0.00580528, 5.46525024, 0.71880632, 27.3941232,  3.0041000, 36.5880850,     9.7403 
1994,     7, 0.00451177, 5.42407603, 0.71315116, 27.3875996,  3.0041000, 36.5334386,     9.4968 
1994,     8, 1.14842993, 6.18380302, 0.70829068, 27.3819147,  3.0041000, 38.4265383,    14.8738 
1994,     9, 0.31995368, 5.95120794, 0.75920930, 27.4390466,  3.0041000, 37.4735176,    11.8667 
1994,    10, 0.13063428, 5.79340950, 0.75567743, 27.4369502,  3.0041000, 37.1207714,    10.6087 
1994,    11, 0.05498057, 5.64493298, 0.74227638, 27.4230199,  3.0041000, 36.8693098,     9.6450 
1994,    12, 0.03315090, 5.55990503, 0.73237737, 27.4122808,  3.0041000, 36.7418141,     9.1330 
1995,     1, 0.02658885, 5.52323468, 0.72779449, 27.4072362,  3.0041000, 36.6889542,     8.9116 
1995,     2, 0.01940594, 5.47130030, 0.72114231, 27.3997449,  3.0041000, 36.6156934,     8.6065 
1995,     3, 0.01490705, 5.42818032, 0.71548347, 27.3932613,  3.0041000, 36.5559321,     8.3539 
1995,     4, 0.01352894, 5.41240678, 0.71337909, 27.3908371,  3.0041000, 36.5342519,     8.2552 
1995,     5, 0.01186885, 5.39119163, 0.71053688, 27.3875345,  3.0041000, 36.5052318,     8.1264 
1995,     6, 0.01001070, 5.36372422, 0.70683978, 27.3831905,  3.0041000, 36.4678652,     7.9631 
1995,     7, 0.00773626, 5.32241139, 0.70125783, 27.3765216,  3.0041000, 36.4120271,     7.7233 
1995,     8, 0.00598083, 5.28147665, 0.69569318, 27.3697665,  3.0041000, 36.3570171,     7.4861 
1995,     9, 1.53206724, 6.13899859, 0.66854865, 27.3338701,  3.0041000, 38.6775846,    13.5569 
1995,    10, 0.41085442, 5.90132914, 0.74828307, 27.4209120,  3.0041000, 37.4854786,    10.0513 
1995,    11, 0.28205150, 5.83511005, 0.75124365, 27.4253055,  3.0041000, 37.2978107,     9.4337 
1995,    12, 0.25220121, 5.81556098, 0.75127823, 27.4256981,  3.0041000, 37.2488385,     9.2609 
1996,     1, 0.20824317, 5.78224277, 0.75069465, 27.4255877,  3.0041000, 37.1708682,     8.9884 
1996,     2, 0.18305835, 5.75992575, 0.74988393, 27.4250319,  3.0041000, 37.1219999,     8.8113 
1996,     3, 0.14846377, 5.72384431, 0.74800821, 27.4234293,  3.0041000, 37.0478456,     8.5444 
1996,     4, 0.10945400, 5.67173783, 0.74428574, 27.4198353,  3.0041000, 36.9494129,     8.1867 
1996,     5, 0.09960191, 5.65571125, 0.74291503, 27.4184764,  3.0041000, 36.9208046,     8.0739 
1996,     6, 0.08309703, 5.62505488, 0.74008813, 27.4155908,  3.0041000, 36.8679309,     7.8725 
1996,     7, 0.06694044, 5.58868787, 0.73641973, 27.4117416,  3.0041000, 36.8078896,     7.6426 
1996,     8, 1.74317164, 6.72540934, 0.73245738, 27.4074905,  3.0041000, 39.6126289,    14.6848 
1996,     9, 1.32687759, 6.67057765, 0.76483985, 27.4458981,  3.0041000, 39.2122932,    13.6574 
1996,    10, 0.77890917, 6.56482453, 0.80301664, 27.4925075,  3.0041000, 38.6433578,    12.1335 
1996,    11, 0.59024146, 6.51042604, 0.81330042, 27.5064327,  3.0041000, 38.4245006,    11.5130 
1996,    12, 0.51557380, 6.48406326, 0.81660887, 27.5113617,  3.0041000, 38.3317076,    11.2380 
1997,     1, 0.45974920, 6.46180946, 0.81870050, 27.5147355,  3.0041000, 38.2590946,    11.0177 
1997,     2, 0.33131551, 6.39861193, 0.82187544, 27.5209980,  3.0041000, 38.0769009,    10.4688 
1997,     3, 0.28682698, 6.37099286, 0.82208913, 27.5224516,  3.0041000, 38.0064606,    10.2451 
1997,     4, 0.26343038, 6.35475035, 0.82194079, 27.5229987,  3.0041000, 37.9672202,    10.1145 
1997,     5, 0.23216281, 6.33070822, 0.82140676, 27.5234304,  3.0041000, 37.9118082,     9.9326 
1997,     6, 0.13084887, 6.22273945, 0.81561140, 27.5208913,  3.0041000, 37.6941911,     9.2288 
1997,     7, 0.10523581, 6.18220532, 0.81214460, 27.5185012,  3.0041000, 37.6221869,     8.9815 
1997,     8, 1.28501432, 6.96821750, 0.80716683, 27.5146775,  3.0041000, 39.5791762,    13.5513 
1997,     9, 0.94819525, 6.90496358, 0.83055089, 27.5442264,  3.0041000, 39.2320361,    12.6757 
1997,    10, 0.38896342, 6.72282369, 0.85941395, 27.5847517,  3.0041000, 38.5600528,    10.8788 
1997,    11, 0.25353286, 6.63705607, 0.85995016, 27.5898787,  3.0041000, 38.3445178,    10.2509 
1997,    12, 0.19358984, 6.58356209, 0.85784273, 27.5903377,  3.0041000, 38.2294324,     9.8991 
1998,     1, 0.14996202, 6.53331951, 0.85464290, 27.5893241,  3.0041000, 38.1313486,     9.5908 
1998,     2, 0.10411602, 6.46219391, 0.84864420, 27.5860283,  3.0041000, 38.0050824,     9.1874 
1998,     3, 0.07049094, 6.38702268, 0.84090811, 27.5807541,  3.0041000, 37.8832759,     8.7880 
1998,     4, 0.04711458, 6.31028711, 0.83199118, 27.5739747,  3.0041000, 37.7674675,     8.3994 
1998,     5, 0.04058644, 6.28211507, 0.82849250, 27.5712106,  3.0041000, 37.7265046,     8.2535 
1998,     6, 0.01643303, 6.11400778, 0.80691488, 27.5524082,  3.0041000, 37.4938639,     7.4596 
1998,     7, 0.01337457, 6.07635105, 0.80175457, 27.5477924,  3.0041000, 37.4433726,     7.2764 
1998,     8, 1.40075900, 7.00377413, 0.79653530, 27.5430397,  3.0041000, 39.7482082,    12.4781 
1998,     9, 0.29130317, 6.68146328, 0.86350408, 27.6273463,  3.0041000, 38.4677169,     9.2624 
1998,    10, 0.10935918, 6.48794093, 0.85347623, 27.6249652,  3.0041000, 38.0798416,     8.1314 
1998,    11, 0.08425679, 6.43738342, 0.84844093, 27.6217465,  3.0041000, 37.9959277,     7.8657 
1998,    12, 0.06384808, 6.38404094, 0.84256345, 27.6175954,  3.0041000, 37.9121479,     7.5962 
1999,     1, 0.04035181, 6.29675972, 0.83211267, 27.6094991,  3.0041000, 37.7828233,     7.1781 
1999,     2, 0.02666528, 6.21898648, 0.82212427, 27.6012540,  3.0041000, 37.6731300,     6.8157 
1999,     3, 0.01425978, 6.10329850, 0.80669306, 27.5876651,  3.0041000, 37.5160165,     6.2929 
1999,     4, 0.00606431, 5.94873559, 0.78557585, 27.5676995,  3.0041000, 37.3121753,     5.6068 
1999,     5, 0.00279403, 5.81203440, 0.76660873, 27.5487211,  3.0041000, 37.1342583,     4.9989 
1999,     6, 0.00121897, 5.66919029, 0.74679772, 27.5277435,  3.0041000, 36.9490504,     4.3604 
1999,     7, 0.00096003, 5.62872169, 0.74108927, 27.5216069,  3.0041000, 36.8964779,     4.1706 
1999,     8, 0.00033163, 5.45206393, 0.71692018, 27.4937296,  3.0041000, 36.6671454,     3.3725 
1999,     9, 0.00011801, 5.28565289, 0.69430555, 27.4659042,  3.0041000, 36.4500807,     2.6091 
1999,    10, 1.21639420, 6.03974959, 0.68189218, 27.4501126,  3.0041000, 38.3922485,     7.1111 
1999,    11, 0.64790128, 5.92668667, 0.72186705, 27.4950762,  3.0041000, 37.7956312,     5.6095 
1999,    12, 0.44656388, 5.86088514, 0.73213758, 27.5072364,  3.0041000, 37.5509230,     4.9531 
2000,     1, 0.35605938, 5.82119806, 0.73525465, 27.5111902,  3.0041000, 37.4278022,     4.6075 
2000,     2, 0.26270066, 5.76833584, 0.73681495, 27.5134453,  3.0041000, 37.2853968,     4.1991 
2000,     3, 0.18378266, 5.70684187, 0.73578466, 27.5127404,  3.0041000, 37.1432495,     3.7791 
2000,     4, 0.12298810, 5.63848716, 0.73206131, 27.5088735,  3.0041000, 37.0065101,     3.3619 
2000,     5, 0.06129142, 5.52190197, 0.72189071, 27.4972514,  3.0041000, 36.8064355,     2.7332 
2000,     6, 0.05010702, 5.48862627, 0.71828087, 27.4931301,  3.0041000, 36.7542442,     2.5573 
2000,     7, 0.04125441, 5.45670925, 0.71464366, 27.4889225,  3.0041000, 36.7056298,     2.3913 
2000,     8, 0.03281703, 5.41938094, 0.71022098, 27.4837280,  3.0041000, 36.6502469,     2.2022 
2000,     9, 1.82861416, 6.42875535, 0.67880189, 27.4425235,  3.0041000, 39.3827949,     7.9910 
2000,    10, 0.68146385, 6.24117732, 0.76636577, 27.5414514,  3.0041000, 38.2345584,     5.3426 
2000,    11, 0.47757811, 6.17496598, 0.77659094, 27.5547426,  3.0041000, 37.9879777,     4.7204 
2000,    12, 0.36374445, 6.12473254, 0.78032661, 27.5603633,  3.0041000, 37.8332669,     4.3139 
2001,     1, 0.30953501, 6.09515185, 0.78125262, 27.5622614,  3.0041000, 37.7523009,     4.0918 
2001,     2, 0.24634951, 6.05354518, 0.78132107, 27.5634752,  3.0041000, 37.6487910,     3.8058 
2001,     3, 0.18942642, 6.00601556, 0.77994262, 27.5631448,  3.0041000, 37.5426294,     3.5067 
2001,     4, 0.12598201, 5.93297464, 0.77558983, 27.5598780,  3.0041000, 37.3985245,     3.0936 
2001,     5, 0.10766024, 5.90506792, 0.77331403, 27.5579403,  3.0041000, 37.3480825,     2.9393 
2001,     6, 0.09022139, 5.87384554, 0.77048194, 27.5554040,  3.0041000, 37.2940528,     2.7730 
2001,     7, 0.07159757, 5.83324456, 0.76642999, 27.5516055,  3.0041000, 37.2269777,     2.5668 
2001,     8, 1.34215390, 6.62477350, 0.75354710, 27.5384943,  3.0041000, 39.2630688,     6.7609 
2001,     9, 0.36140685, 6.36908224, 0.81590194, 27.6129036,  3.0041000, 38.1633946,     4.2318 
2001,    10, 0.08969146, 6.10828790, 0.80622555, 27.6088548,  3.0041000, 37.6171597,     2.7923 
2001,    11, 0.06373109, 6.04599112, 0.79963887, 27.6033666,  3.0041000, 37.5168277,     2.5014 
2001,    12, 0.05493572, 6.01911458, 0.79654471, 27.6006927,  3.0041000, 37.4753877,     2.3736 
2002,     1, 0.04177788, 5.96987664, 0.79063712, 27.5953935,  3.0041000, 37.4017851,     2.1528 
2002,     2, 0.02943144, 5.90746708, 0.78278056, 27.5880563,  3.0041000, 37.3118353,     1.8820 
2002,     3, 0.02020468, 5.84117911, 0.77410067, 27.5796522,  3.0041000, 37.2192367,     1.6005 
2002,     4, 0.01737397, 5.81478865, 0.77054519, 27.5761617,  3.0041000, 37.1829695,     1.4831 
2002,     5, 0.01512916, 5.79070455, 0.76727159, 27.5729115,  3.0041000, 37.1501168,     1.3754 
2002,     6, 0.01258732, 5.75883938, 0.76291345, 27.5685223,  3.0041000, 37.1069624,     1.2368 
2002,     7, 0.01013445, 5.72151403, 0.75777463, 27.5632621,  3.0041000, 37.0567852,     1.0767 
2002,     8, 1.36304698, 6.62269786, 0.75226185, 27.5575233,  3.0041000, 39.2996300,     5.6435 
2002,     9, 1.02369279, 6.56605788, 0.77696099, 27.5872730,  3.0041000, 38.9580847,     4.9140 
2002,    10, 0.41159915, 6.38901417, 0.81218303, 27.6316265,  3.0041000, 38.2485229,     3.3160 
2002,    11, 0.26350373, 6.30410184, 0.81423287, 27.6370525,  3.0041000, 38.0229909,     2.7628 
2002,    12, 0.19957565, 6.25176787, 0.81276951, 27.6373497,  3.0041000, 37.9055627,     2.4599 
2003,     1, 0.16270671, 6.21357838, 0.81074101, 27.6364565,  3.0041000, 37.8275826,     2.2511 
2003,     2, 0.13293471, 6.17602108, 0.80812578, 27.6348286,  3.0041000, 37.7560102,     2.0557 
2003,     3, 0.09209762, 6.10839438, 0.80227117, 27.6303819,  3.0041000, 37.6372451,     1.7320 
2003,     4, 0.08367349, 6.09084087, 0.80051736, 27.6289665,  3.0041000, 37.6080982,     1.6435 
2003,     5, 0.07254182, 6.06481100, 0.79779632, 27.6266975,  3.0041000, 37.5659466,     1.5194 
2003,     6, 0.05876572, 6.02661350, 0.79357912, 27.6230405,  3.0041000, 37.5060988,     1.3460 
2003,     7, 0.04629956, 5.98366022, 0.78856340, 27.6185284,  3.0041000, 37.4411516,     1.1568 
2003,     8, 1.35864515, 6.85703794, 0.78304145, 27.6134011,  3.0041000, 39.6162257,     5.3760 
2003,     9, 1.00829111, 6.79596212, 0.80813596, 27.6443108,  3.0041000, 39.2608000,     4.6478 
2003,    10, 0.59904084, 6.69063078, 0.83280335, 27.6765430,  3.0041000, 38.8031180,     3.6713 
2003,    11, 0.38400052, 6.60196664, 0.84080763, 27.6896116,  3.0041000, 38.5204864,     3.0328 
2003,    12, 0.30687519, 6.55771027, 0.84176635, 27.6928217,  3.0041000, 38.4032735,     2.7529 
2004,     1, 0.20327754, 6.47718130, 0.84009244, 27.6945541,  3.0041000, 38.2192054,     2.3064 
2004,     2, 0.13335794, 6.39578620, 0.83504618, 27.6923507,  3.0041000, 38.0606410,     1.9067 
2004,     3, 0.07861268, 6.29517995, 0.82583911, 27.6858905,  3.0041000, 37.8896222,     1.4617 
2004,     4, 0.03393454, 6.13850523, 0.80792093, 27.6706677,  3.0041000, 37.6551284,     0.8329 
2004,     5, 0.02933590, 6.11174680, 0.80448628, 27.6676497,  3.0041000, 37.6173187,     0.7207 
2004,     6, 0.02400403, 6.07507854, 0.79970482, 27.6633596,  3.0041000, 37.5662470,     0.5721 
2004,     7, 0.01942452, 6.03662060, 0.79460561, 27.6586890,  3.0041000, 37.5134397,     0.4179 
2004,     8, 0.00562794, 5.81639450, 0.76544852, 27.6292505,  3.0041000, 37.2208215,    -0.4026 
2004,     9, 0.00464911, 5.78314995, 0.76080782, 27.6245069,  3.0041000, 37.1772138,    -0.5353 
2004,    10, 1.47476598, 6.70179630, 0.74648486, 27.6092448,  3.0041000, 39.5363920,     3.9250 
2004,    11, 0.79415968, 6.57849827, 0.79564409, 27.6678736,  3.0041000, 38.8402757,     2.5250 
2004,    12, 0.52942528, 6.49895710, 0.80994082, 27.6868927,  3.0041000, 38.5293160,     1.8580 
2005,     1, 0.40159762, 6.44530189, 0.81455568, 27.6941964,  3.0041000, 38.3597516,     1.4767 
2005,     2, 0.32993531, 6.40740822, 0.81598118, 27.6973096,  3.0041000, 38.2547343,     1.2312 
2005,     3, 0.23483910, 6.34238560, 0.81581952, 27.6995477,  3.0041000, 38.0966919,     0.8581 
2005,     4, 0.15835715, 6.26785095, 0.81252282, 27.6984424,  3.0041000, 37.9412733,     0.4793 
2005,     5, 0.13911691, 6.24354042, 0.81085507, 27.6974295,  3.0041000, 37.8950419,     0.3570 
2005,     6, 0.11393314, 6.20624666, 0.80790148, 27.6953657,  3.0041000, 37.8275470,     0.1813 
2005,     7, 0.09129817, 6.16514639, 0.80416639, 27.6924785,  3.0041000, 37.7571894,    -0.0039 
2005,     8, 0.07390687, 6.12618453, 0.80023998, 27.6892428,  3.0041000, 37.6936741,    -0.1742 
2005,     9, 1.24976209, 6.73296053, 0.77156236, 27.6610396,  3.0041000, 39.4194245,     2.7975 
2005,    10, 0.32831324, 6.46829621, 0.82708127, 27.7288473,  3.0041000, 38.3566380,     0.6327 
2005,    11, 0.24533416, 6.41200702, 0.82691739, 27.7309936,  3.0041000, 38.2193521,     0.3176 
2005,    12, 0.19835885, 6.37125219, 0.82550997, 27.7310780,  3.0041000, 38.1302990,     0.1049 
2006,     1, 0.16344375, 6.33435352, 0.82350054, 27.7302875,  3.0041000, 38.0556853,    -0.0778 
2006,     2, 0.13743580, 6.30150441, 0.82122250, 27.7289978,  3.0041000, 37.9932605,    -0.2345 
2006,     3, 0.10765245, 6.25549910, 0.81742110, 27.7264093,  3.0041000, 37.9110819,    -0.4405 
2006,     4, 0.07418219, 6.18600459, 0.81063955, 27.7211028,  3.0041000, 37.7960291,    -0.7302 
2006,     5, 0.03901737, 6.06790802, 0.79724603, 27.7092911,  3.0041000, 37.6175626,    -1.1857 
2006,     6, 0.03171582, 6.03030844, 0.79253864, 27.7049961,  3.0041000, 37.5636590,    -1.3329 
2006,     7, 0.02396485, 5.97982519, 0.78605471, 27.6989106,  3.0041000, 37.4928553,    -1.5246 
2006,     8, 1.82129139, 7.19287205, 0.78101411, 27.6940832,  3.0041000, 40.4933608,     3.8071 
2006,     9, 0.26686297, 6.79015365, 0.88439826, 27.8184271,  3.0041000, 38.7639420,     0.5169 
2006,    10, 0.06971957, 6.52216218, 0.86539813, 27.8095612,  3.0041000, 38.2709411,    -0.5926 
2006,    11, 0.04561784, 6.43969048, 0.85553494, 27.8024468,  3.0041000, 38.1473901,    -0.8941 
2006,    12, 0.03349403, 6.38028348, 0.84791802, 27.7966027,  3.0041000, 38.0623982,    -1.1078 
2007,     1, 0.02355483, 6.31325526, 0.83900838, 27.7894401,  3.0041000, 37.9693586,    -1.3433 
2007,     2, 0.01775791, 6.25997660, 0.83173061, 27.7833938,  3.0041000, 37.8969589,    -1.5305 
2007,     3, 0.01253885, 6.19496249, 0.82272119, 27.7756569,  3.0041000, 37.8099795,    -1.7549 
2007,     4, 0.01110039, 6.17235781, 0.81953721, 27.7728871,  3.0041000, 37.7799825,    -1.8395 
2007,     5, 0.00546696, 6.04259274, 0.80142821, 27.7562527,  3.0041000, 37.6098406,    -2.2740 
2007,     6, 0.00425258, 5.99722734, 0.79496225, 27.7501902,  3.0041000, 37.5507323,    -2.4329 
2007,     7, 0.00342146, 5.95823046, 0.78939170, 27.7448825,  3.0041000, 37.5000261,    -2.5712 
2007,     8, 1.16789875, 6.73142374, 0.78425827, 27.7399196,  3.0041000, 39.4276003,     0.8397 
2007,     9, 0.88083922, 6.67469881, 0.80384152, 27.7642448,  3.0041000, 39.1277243,     0.2746 
2007,    10, 0.32866210, 6.48018289, 0.83079423, 27.8006401,  3.0041000, 38.4443794,    -1.0788 
2007,    11, 0.23419869, 6.41464029, 0.83037952, 27.8028885,  3.0041000, 38.2862070,    -1.4219 
2007,    12, 0.18587642, 6.37032373, 0.82856159, 27.8026621,  3.0041000, 38.1915238,    -1.6365 